Component: ARM Compiler 5.06 update 6 (build 750) Tool: armlink [4d35ed]

==============================================================================

Section Cross References

    startup_stm32f446xx.o(RESET) refers to startup_stm32f446xx.o(STACK) for __initial_sp
    startup_stm32f446xx.o(RESET) refers to startup_stm32f446xx.o(.text) for Reset_Handler
    startup_stm32f446xx.o(RESET) refers to stm32f4xx_it.o(i.NMI_Handler) for NMI_Handler
    startup_stm32f446xx.o(RESET) refers to stm32f4xx_it.o(i.HardFault_Handler) for HardFault_Handler
    startup_stm32f446xx.o(RESET) refers to stm32f4xx_it.o(i.MemManage_Handler) for MemManage_Handler
    startup_stm32f446xx.o(RESET) refers to stm32f4xx_it.o(i.BusFault_Handler) for BusFault_Handler
    startup_stm32f446xx.o(RESET) refers to stm32f4xx_it.o(i.UsageFault_Handler) for UsageFault_Handler
    startup_stm32f446xx.o(RESET) refers to port.o(.emb_text) for SVC_Handler
    startup_stm32f446xx.o(RESET) refers to stm32f4xx_it.o(i.DebugMon_Handler) for DebugMon_Handler
    startup_stm32f446xx.o(RESET) refers to stm32f4xx_it.o(i.SysTick_Handler) for SysTick_Handler
    startup_stm32f446xx.o(RESET) refers to stm32f4xx_it.o(i.TIM3_IRQHandler) for TIM3_IRQHandler
    startup_stm32f446xx.o(RESET) refers to stm32f4xx_it.o(i.TIM4_IRQHandler) for TIM4_IRQHandler
    startup_stm32f446xx.o(RESET) refers to stm32f4xx_it.o(i.TIM8_TRG_COM_TIM14_IRQHandler) for TIM8_TRG_COM_TIM14_IRQHandler
    startup_stm32f446xx.o(.text) refers to system_stm32f4xx.o(i.SystemInit) for SystemInit
    startup_stm32f446xx.o(.text) refers to entry.o(.ARM.Collect$$$$00000000) for __main
    freq_cap.o(.data) refers to freq_cap.o(.bss) for freq_cap_data
    max11046.o(i.CRX_INPUT_INIT) refers to stm32f4xx_hal_gpio.o(i.HAL_GPIO_Init) for HAL_GPIO_Init
    max11046.o(i.CRX_OUTPUT_INIT) refers to stm32f4xx_hal_gpio.o(i.HAL_GPIO_Init) for HAL_GPIO_Init
    max11046.o(i.Configuration_AD_register) refers to max11046.o(i.CRX_OUTPUT_INIT) for CRX_OUTPUT_INIT
    max11046.o(i.Configuration_AD_register) refers to max11046.o(i.MAX11046_delay) for MAX11046_delay
    max11046.o(i.Configuration_AD_register) refers to max11046.o(i.CRX_INPUT_INIT) for CRX_INPUT_INIT
    max11046.o(i.getADdata) refers to max11046.o(i.get_DB_IO_DATA) for get_DB_IO_DATA
    max11046.o(i.getADdata) refers to max11046.o(.data) for .data
    max11046.o(i.getADdata) refers to max11046.o(.bss) for .bss
    fft.o(i.Harmonic_calculation_FFT) refers to arm_cfft_radix2_init_f32.o(.text) for arm_cfft_radix2_init_f32
    fft.o(i.Harmonic_calculation_FFT) refers to arm_cfft_radix2_f32.o(.text) for arm_cfft_radix2_f32
    fft.o(i.Harmonic_calculation_FFT) refers to arm_cmplx_mag_f32.o(.text) for arm_cmplx_mag_f32
    fft.o(i.Harmonic_calculation_FFT) refers to f2d.o(.text) for __aeabi_f2d
    fft.o(i.Harmonic_calculation_FFT) refers to dadd.o(.text) for __aeabi_dadd
    fft.o(i.Harmonic_calculation_FFT) refers to ddiv.o(.text) for __aeabi_ddiv
    fft.o(i.Harmonic_calculation_FFT) refers to d2f.o(.text) for __aeabi_d2f
    fft.o(i.Harmonic_calculation_FFT) refers to fft.o(.bss) for .bss
    nrf24l01.o(i.CE_Pin) refers to stm32f4xx_hal_gpio.o(i.HAL_GPIO_WritePin) for HAL_GPIO_WritePin
    nrf24l01.o(i.CLEAR_AD_Data) refers to nrf24l01.o(i.CSN_Pin) for CSN_Pin
    nrf24l01.o(i.CLEAR_AD_Data) refers to nrf24l01.o(i.SPI_RW) for SPI_RW
    nrf24l01.o(i.CLearinterr) refers to nrf24l01.o(i.CE_Pin) for CE_Pin
    nrf24l01.o(i.CLearinterr) refers to nrf24l01.o(i.SPI_RW_Reg) for SPI_RW_Reg
    nrf24l01.o(i.CSN_Pin) refers to stm32f4xx_hal_gpio.o(i.HAL_GPIO_WritePin) for HAL_GPIO_WritePin
    nrf24l01.o(i.MISO_Pin) refers to stm32f4xx_hal_gpio.o(i.HAL_GPIO_ReadPin) for HAL_GPIO_ReadPin
    nrf24l01.o(i.MOSI_Pin) refers to stm32f4xx_hal_gpio.o(i.HAL_GPIO_WritePin) for HAL_GPIO_WritePin
    nrf24l01.o(i.NRF_Check) refers to nrf24l01.o(i.CE_Pin) for CE_Pin
    nrf24l01.o(i.NRF_Check) refers to nrf24l01.o(i.SPI_Write_Buf) for SPI_Write_Buf
    nrf24l01.o(i.NRF_Check) refers to nrf24l01.o(i.SPI_Read_Buf) for SPI_Read_Buf
    nrf24l01.o(i.RX_Mode) refers to nrf24l01.o(i.CE_Pin) for CE_Pin
    nrf24l01.o(i.RX_Mode) refers to nrf24l01.o(i.SPI_Write_Buf) for SPI_Write_Buf
    nrf24l01.o(i.RX_Mode) refers to nrf24l01.o(i.SPI_RW_Reg) for SPI_RW_Reg
    nrf24l01.o(i.RX_Mode) refers to nrf24l01.o(.constdata) for .constdata
    nrf24l01.o(i.SCK_Pin) refers to stm32f4xx_hal_gpio.o(i.HAL_GPIO_WritePin) for HAL_GPIO_WritePin
    nrf24l01.o(i.SPI_RW) refers to nrf24l01.o(i.MOSI_Pin) for MOSI_Pin
    nrf24l01.o(i.SPI_RW) refers to nrf24l01.o(i.SCK_Pin) for SCK_Pin
    nrf24l01.o(i.SPI_RW) refers to nrf24l01.o(i.MISO_Pin) for MISO_Pin
    nrf24l01.o(i.SPI_RW_Reg) refers to nrf24l01.o(i.CSN_Pin) for CSN_Pin
    nrf24l01.o(i.SPI_RW_Reg) refers to nrf24l01.o(i.SPI_RW) for SPI_RW
    nrf24l01.o(i.SPI_Read) refers to nrf24l01.o(i.CSN_Pin) for CSN_Pin
    nrf24l01.o(i.SPI_Read) refers to nrf24l01.o(i.SPI_RW) for SPI_RW
[...]
    .text                                    0x08001078   Section       36  init.o(.text)
    i.AD_IO_INIT                             0x0800109c   Section        0  max11046.o(i.AD_IO_INIT)
    i.BusFault_Handler                       0x080010c0   Section        0  stm32f4xx_it.o(i.BusFault_Handler)
    i.CE_Pin                                 0x080010c4   Section        0  nrf24l01.o(i.CE_Pin)
    i.CLEAR_AD_Data                          0x080010ec   Section        0  nrf24l01.o(i.CLEAR_AD_Data)
    i.CRX_INPUT_INIT                         0x08001114   Section        0  max11046.o(i.CRX_INPUT_INIT)
    i.CRX_OUTPUT_INIT                        0x08001134   Section        0  max11046.o(i.CRX_OUTPUT_INIT)
    i.CSN_Pin                                0x0800115c   Section        0  nrf24l01.o(i.CSN_Pin)
    i.Configuration_AD_register              0x08001184   Section        0  max11046.o(i.Configuration_AD_register)
    i.DebugMon_Handler                       0x080011d4   Section        0  stm32f4xx_it.o(i.DebugMon_Handler)
    i.HAL_Delay                              0x080011d8   Section        0  stm32f4xx_hal.o(i.HAL_Delay)
    i.HAL_GPIO_Init                          0x080011fc   Section        0  stm32f4xx_hal_gpio.o(i.HAL_GPIO_Init)
    i.HAL_GPIO_ReadPin                       0x080013a0   Section        0  stm32f4xx_hal_gpio.o(i.HAL_GPIO_ReadPin)
    i.HAL_GPIO_WritePin                      0x080013aa   Section        0  stm32f4xx_hal_gpio.o(i.HAL_GPIO_WritePin)
    i.HAL_GetTick                            0x080013b4   Section        0  stm32f4xx_hal.o(i.HAL_GetTick)
    i.HAL_IncTick                            0x080013c0   Section        0  stm32f4xx_hal.o(i.HAL_IncTick)
    i.HAL_Init                               0x080013d0   Section        0  stm32f4xx_hal.o(i.HAL_Init)
    i.HAL_InitTick                           0x08001404   Section        0  stm32f4xx_hal_timebase_tim.o(i.HAL_InitTick)
    i.HAL_MspInit                            0x08001478   Section        0  stm32f4xx_hal_msp.o(i.HAL_MspInit)
    i.HAL_NVIC_EnableIRQ                     0x080014fc   Section        0  stm32f4xx_hal_cortex.o(i.HAL_NVIC_EnableIRQ)
    i.HAL_NVIC_SetPriority                   0x08001514   Section        0  stm32f4xx_hal_cortex.o(i.HAL_NVIC_SetPriority)
    i.HAL_NVIC_SetPriorityGrouping           0x08001554   Section        0  stm32f4xx_hal_cortex.o(i.HAL_NVIC_SetPriorityGrouping)
    i.HAL_PWREx_EnableOverDrive              0x08001578   Section        0  stm32f4xx_hal_pwr_ex.o(i.HAL_PWREx_EnableOverDrive)
    i.HAL_RCC_ClockConfig                    0x080015e8   Section        0  stm32f4xx_hal_rcc.o(i.HAL_RCC_ClockConfig)
    i.HAL_RCC_GetClockConfig                 0x08001718   Section        0  stm32f4xx_hal_rcc.o(i.HAL_RCC_GetClockConfig)
    i.HAL_RCC_GetHCLKFreq                    0x08001758   Section        0  stm32f4xx_hal_rcc.o(i.HAL_RCC_GetHCLKFreq)
    i.HAL_RCC_GetPCLK1Freq                   0x08001764   Section        0  stm32f4xx_hal_rcc.o(i.HAL_RCC_GetPCLK1Freq)
    i.HAL_RCC_GetPCLK2Freq                   0x08001784   Section        0  stm32f4xx_hal_rcc.o(i.HAL_RCC_GetPCLK2Freq)
    i.HAL_RCC_GetSysClockFreq                0x080017a4   Section        0  stm32f4xx_hal_rcc_ex.o(i.HAL_RCC_GetSysClockFreq)
    i.HAL_RCC_OscConfig                      0x0800183c   Section        0  stm32f4xx_hal_rcc_ex.o(i.HAL_RCC_OscConfig)
    i.HAL_SYSTICK_CLKSourceConfig            0x08001b80   Section        0  stm32f4xx_hal_cortex.o(i.HAL_SYSTICK_CLKSourceConfig)
    i.HAL_SYSTICK_Config                     0x08001b98   Section        0  stm32f4xx_hal_cortex.o(i.HAL_SYSTICK_Config)
    i.HAL_TIMEx_BreakCallback                0x08001bc0   Section        0  stm32f4xx_hal_tim_ex.o(i.HAL_TIMEx_BreakCallback)
    i.HAL_TIMEx_CommutationCallback          0x08001bc2   Section        0  stm32f4xx_hal_tim_ex.o(i.HAL_TIMEx_CommutationCallback)
    i.HAL_TIMEx_MasterConfigSynchronization  0x08001bc4   Section        0  stm32f4xx_hal_tim_ex.o(i.HAL_TIMEx_MasterConfigSynchronization)
    i.HAL_TIM_Base_Init                      0x08001c14   Section        0  stm32f4xx_hal_tim.o(i.HAL_TIM_Base_Init)
    i.HAL_TIM_Base_MspInit                   0x08001c4c   Section        0  tim.o(i.HAL_TIM_Base_MspInit)
    i.HAL_TIM_Base_Start_IT                  0x08001ccc   Section        0  stm32f4xx_hal_tim.o(i.HAL_TIM_Base_Start_IT)
    i.HAL_TIM_ConfigClockSource              0x08001ce4   Section        0  stm32f4xx_hal_tim.o(i.HAL_TIM_ConfigClockSource)
    i.HAL_TIM_IC_CaptureCallback             0x08001dd8   Section        0  main.o(i.HAL_TIM_IC_CaptureCallback)
    i.HAL_TIM_IC_ConfigChannel               0x08001f68   Section        0  stm32f4xx_hal_tim.o(i.HAL_TIM_IC_ConfigChannel)
    i.HAL_TIM_IC_Init                        0x08002086   Section        0  stm32f4xx_hal_tim.o(i.HAL_TIM_IC_Init)
    i.HAL_TIM_IC_MspInit                     0x080020bc   Section        0  stm32f4xx_hal_tim.o(i.HAL_TIM_IC_MspInit)
    i.HAL_TIM_IC_Start_IT                    0x080020be   Section        0  stm32f4xx_hal_tim.o(i.HAL_TIM_IC_Start_IT)
    i.HAL_TIM_IRQHandler                     0x0800210a   Section        0  stm32f4xx_hal_tim.o(i.HAL_TIM_IRQHandler)
    i.HAL_TIM_OC_DelayElapsedCallback        0x08002270   Section        0  stm32f4xx_hal_tim.o(i.HAL_TIM_OC_DelayElapsedCallback)
    i.HAL_TIM_PWM_PulseFinishedCallback      0x08002272   Section        0  stm32f4xx_hal_tim.o(i.HAL_TIM_PWM_PulseFinishedCallback)
    i.HAL_TIM_PeriodElapsedCallback          0x08002274   Section        0  main.o(i.HAL_TIM_PeriodElapsedCallback)
    i.HAL_TIM_ReadCapturedValue              0x080022cc   Section        0  stm32f4xx_hal_tim.o(i.HAL_TIM_ReadCapturedValue)
    i.HAL_TIM_TriggerCallback                0x08002310   Section        0  stm32f4xx_hal_tim.o(i.HAL_TIM_TriggerCallback)
    i.HAL_UART_Init                          0x08002312   Section        0  stm32f4xx_hal_uart.o(i.HAL_UART_Init)
    i.HAL_UART_MspInit                       0x08002374   Section        0  usart.o(i.HAL_UART_MspInit)
    i.HardFault_Handler                      0x080023c0   Section        0  stm32f4xx_it.o(i.HardFault_Handler)
    i.Harmonic_calculation_FFT               0x080023c4   Section        0  fft.o(i.Harmonic_calculation_FFT)
    i.MAX11046_delay                         0x08002540   Section        0  max11046.o(i.MAX11046_delay)
    i.MISO_Pin                               0x08002550   Section        0  nrf24l01.o(i.MISO_Pin)
    i.MOSI_Pin                               0x08002570   Section        0  nrf24l01.o(i.MOSI_Pin)
    i.MX_FREERTOS_Init                       0x08002598   Section        0  freertos.o(i.MX_FREERTOS_Init)
    i.MX_GPIO_Init                           0x080025cc   Section        0  gpio.o(i.MX_GPIO_Init)
    i.MX_TIM3_Init                           0x08002744   Section        0  tim.o(i.MX_TIM3_Init)
    i.MX_TIM4_Init                           0x08002810   Section        0  tim.o(i.MX_TIM4_Init)
    i.MX_USART2_UART_Init                    0x08002884   Section        0  usart.o(i.MX_USART2_UART_Init)
    i.MemManage_Handler                      0x080028d0   Section        0  stm32f4xx_it.o(i.MemManage_Handler)
    i.NMI_Handler                            0x080028d2   Section        0  stm32f4xx_it.o(i.NMI_Handler)
    i.NRF_Check                              0x080028d4   Section        0  nrf24l01.o(i.NRF_Check)
    i.NVIC_SetPriority                       0x08002934   Section        0  stm32f4xx_hal_cortex.o(i.NVIC_SetPriority)
    NVIC_SetPriority                         0x08002935   Thumb Code    32  stm32f4xx_hal_cortex.o(i.NVIC_SetPriority)
    i.RX_Mode                                0x08002954   Section        0  nrf24l01.o(i.RX_Mode)
    i.SCK_Pin                                0x08002a68   Section        0  nrf24l01.o(i.SCK_Pin)
    i.SPI_RW                                 0x08002a90   Section        0  nrf24l01.o(i.SPI_RW)
    i.SPI_RW_Reg                             0x08002aca   Section        0  nrf24l01.o(i.SPI_RW_Reg)
    i.SPI_Read                               0x08002af8   Section        0  nrf24l01.o(i.SPI_Read)
    i.SPI_Read_Buf                           0x08002b22   Section        0  nrf24l01.o(i.SPI_Read_Buf)
    i.SPI_Write_Buf                          0x08002b64   Section        0  nrf24l01.o(i.SPI_Write_Buf)
    i.SpiFlash_ReadOneByte                   0x08002ba8   Section        0  w25q64.o(i.SpiFlash_ReadOneByte)
    i.SpiFlash_Read_Data                     0x08002c00   Section        0  w25q64.o(i.SpiFlash_Read_Data)
    i.SpiFlash_WriteOneByte                  0x08002c58   Section        0  w25q64.o(i.SpiFlash_WriteOneByte)
    i.SpiFlash_Write_CMD                     0x08002cb8   Section        0  w25q64.o(i.SpiFlash_Write_CMD)
    SpiFlash_Write_CMD                       0x08002cb9   Thumb Code    22  w25q64.o(i.SpiFlash_Write_CMD)
    i.SpiFlash_Write_Data                    0x08002cd0   Section        0  w25q64.o(i.SpiFlash_Write_Data)
    i.SpiFlash_Write_Enable                  0x08002d2c   Section        0  w25q64.o(i.SpiFlash_Write_Enable)
    SpiFlash_Write_Enable                    0x08002d2d   Thumb Code    34  w25q64.o(i.SpiFlash_Write_Enable)
    i.StartDefaultTask                       0x08002d54   Section        0  freertos.o(i.StartDefaultTask)
    i.StartNrfTask                           0x08002eac   Section        0  freertos.o(i.StartNrfTask)
    i.SysTick_Handler                        0x08002f8c   Section        0  stm32f4xx_it.o(i.SysTick_Handler)
    i.SystemClock_Config                     0x08002f90   Section        0  main.o(i.SystemClock_Config)
    i.SystemInit                             0x08003034   Section        0  system_stm32f4xx.o(i.SystemInit)
    i.TIM3_IRQHandler                        0x08003088   Section        0  stm32f4xx_it.o(i.TIM3_IRQHandler)
    i.TIM4_IRQHandler                        0x08003094   Section        0  stm32f4xx_it.o(i.TIM4_IRQHandler)
    i.TIM8_TRG_COM_TIM14_IRQHandler          0x080030a0   Section        0  stm32f4xx_it.o(i.TIM8_TRG_COM_TIM14_IRQHandler)
    i.TIM_Base_SetConfig                     0x080030ac   Section        0  stm32f4xx_hal_tim.o(i.TIM_Base_SetConfig)
    i.TIM_CCxChannelCmd                      0x0800316c   Section        0  stm32f4xx_hal_tim.o(i.TIM_CCxChannelCmd)
    i.TIM_ETR_SetConfig                      0x08003182   Section        0  stm32f4xx_hal_tim.o(i.TIM_ETR_SetConfig)
    TIM_ETR_SetConfig                        0x08003183   Thumb Code    20  stm32f4xx_hal_tim.o(i.TIM_ETR_SetConfig)
    i.TIM_ITRx_SetConfig                     0x08003196   Section        0  stm32f4xx_hal_tim.o(i.TIM_ITRx_SetConfig)
    TIM_ITRx_SetConfig                       0x08003197   Thumb Code    16  stm32f4xx_hal_tim.o(i.TIM_ITRx_SetConfig)
    i.TIM_TI1_ConfigInputStage               0x080031a6   Section        0  stm32f4xx_hal_tim.o(i.TIM_TI1_ConfigInputStage)
    TIM_TI1_ConfigInputStage                 0x080031a7   Thumb Code    34  stm32f4xx_hal_tim.o(i.TIM_TI1_ConfigInputStage)
    i.TIM_TI1_SetConfig                      0x080031c8   Section        0  stm32f4xx_hal_tim.o(i.TIM_TI1_SetConfig)
    i.TIM_TI2_ConfigInputStage               0x0800324c   Section        0  stm32f4xx_hal_tim.o(i.TIM_TI2_ConfigInputStage)
    TIM_TI2_ConfigInputStage                 0x0800324d   Thumb Code    36  stm32f4xx_hal_tim.o(i.TIM_TI2_ConfigInputStage)
    i.TIM_TI2_SetConfig                      0x08003270   Section        0  stm32f4xx_hal_tim.o(i.TIM_TI2_SetConfig)
    TIM_TI2_SetConfig                        0x08003271   Thumb Code    54  stm32f4xx_hal_tim.o(i.TIM_TI2_SetConfig)
    i.TX_Mode                                0x080032a8   Section        0  nrf24l01.o(i.TX_Mode)
    i.UART_SetConfig                         0x08003324   Section        0  stm32f4xx_hal_uart.o(i.UART_SetConfig)
    UART_SetConfig                           0x08003325   Thumb Code   676  stm32f4xx_hal_uart.o(i.UART_SetConfig)
    i.UsageFault_Handler                     0x080035d0   Section        0  stm32f4xx_it.o(i.UsageFault_Handler)
    i.Voltage_RMS_Calc                       0x080035d4   Section        0  power_quality.o(i.Voltage_RMS_Calc)
    i._Error_Handler                         0x08003898   Section        0  main.o(i._Error_Handler)
    i.__ARM_fpclassify                       0x0800389a   Section        0  fpclassify.o(i.__ARM_fpclassify)
    i.__hardfp_pow                           0x080038d0   Section        0  pow.o(i.__hardfp_pow)
    i.__hardfp_sqrt                          0x08004520   Section        0  sqrt_full.o(i.__hardfp_sqrt)
    i.__kernel_poly                          0x0800459a   Section        0  poly.o(i.__kernel_poly)
    i.__mathlib_dbl_divzero                  0x08004698   Section        0  dunder.o(i.__mathlib_dbl_divzero)
    i.__mathlib_dbl_infnan2                  0x080046c8   Section        0  dunder.o(i.__mathlib_dbl_infnan2)
    i.__mathlib_dbl_invalid                  0x080046e0   Section        0  dunder.o(i.__mathlib_dbl_invalid)
    i.__mathlib_dbl_overflow                 0x08004700   Section        0  dunder.o(i.__mathlib_dbl_overflow)
    i.__mathlib_dbl_underflow                0x08004720   Section        0  dunder.o(i.__mathlib_dbl_underflow)
    i.__scatterload_copy                     0x08004740   Section       14  handlers.o(i.__scatterload_copy)
    i.__scatterload_null                     0x0800474e   Section        2  handlers.o(i.__scatterload_null)
    i.__scatterload_zeroinit                 0x08004750   Section       14  handlers.o(i.__scatterload_zeroinit)
    i.__set_errno                            0x08004760   Section        0  errno.o(i.__set_errno)
    i.data_process                           0x0800476c   Section        0  power_quality.o(i.data_process)
    i.fabs                                   0x08004804   Section        0  fabs.o(i.fabs)
    i.getADdata                              0x0800481c   Section        0  max11046.o(i.getADdata)
    i.get_DB_IO_DATA                         0x0800498c   Section        0  max11046.o(i.get_DB_IO_DATA)
    i.main                                   0x08004a40   Section        0  main.o(i.main)
    i.makeFreeRtosPriority                   0x08004a9c   Section        0  cmsis_os.o(i.makeFreeRtosPriority)
    makeFreeRtosPriority                     0x08004a9d   Thumb Code    12  cmsis_os.o(i.makeFreeRtosPriority)
    i.nRF24L01_Revceive                      0x08004aa8   Section        0  nrf24l01.o(i.nRF24L01_Revceive)
    i.osDelay                                0x08004b40   Section        0  cmsis_os.o(i.osDelay)
    i.osKernelStart                          0x08004b4e   Section        0  cmsis_os.o(i.osKernelStart)
    i.osSystickHandler                       0x08004b58   Section        0  cmsis_os.o(i.osSystickHandler)
    i.osThreadCreate                         0x08004b6c   Section        0  cmsis_os.o(i.osThreadCreate)
    i.prvAddCurrentTaskToDelayedList         0x08004b9c   Section        0  tasks.o(i.prvAddCurrentTaskToDelayedList)
    prvAddCurrentTaskToDelayedList           0x08004b9d   Thumb Code   102  tasks.o(i.prvAddCurrentTaskToDelayedList)
    i.prvAddNewTaskToReadyList               0x08004c0c   Section        0  tasks.o(i.prvAddNewTaskToReadyList)
    prvAddNewTaskToReadyList                 0x08004c0d   Thumb Code   194  tasks.o(i.prvAddNewTaskToReadyList)
    i.prvCheckTasksWaitingTermination        0x08004cdc   Section        0  tasks.o(i.prvCheckTasksWaitingTermination)
    prvCheckTasksWaitingTermination          0x08004cdd   Thumb Code    70  tasks.o(i.prvCheckTasksWaitingTermination)
    i.prvDeleteTCB                           0x08004d2c   Section        0  tasks.o(i.prvDeleteTCB)
    prvDeleteTCB                             0x08004d2d   Thumb Code    20  tasks.o(i.prvDeleteTCB)
    i.prvHeapInit                            0x08004d40   Section        0  heap_4.o(i.prvHeapInit)
    prvHeapInit                              0x08004d41   Thumb Code    66  heap_4.o(i.prvHeapInit)
    i.prvIdleTask                            0x08004d8c   Section        0  tasks.o(i.prvIdleTask)
    prvIdleTask                              0x08004d8d   Thumb Code    30  tasks.o(i.prvIdleTask)
    i.prvInitialiseNewTask                   0x08004db4   Section        0  tasks.o(i.prvInitialiseNewTask)
    prvInitialiseNewTask                     0x08004db5   Thumb Code   142  tasks.o(i.prvInitialiseNewTask)
    i.prvInsertBlockIntoFreeList             0x08004e44   Section        0  heap_4.o(i.prvInsertBlockIntoFreeList)
    prvInsertBlockIntoFreeList               0x08004e45   Thumb Code    72  heap_4.o(i.prvInsertBlockIntoFreeList)
    i.prvResetNextTaskUnblockTime            0x08004e90   Section        0  tasks.o(i.prvResetNextTaskUnblockTime)
    prvResetNextTaskUnblockTime              0x08004e91   Thumb Code    26  tasks.o(i.prvResetNextTaskUnblockTime)
    i.prvTaskExitError                       0x08004eb0   Section        0  port.o(i.prvTaskExitError)
    prvTaskExitError                         0x08004eb1   Thumb Code    36  port.o(i.prvTaskExitError)
    i.pvPortMalloc                           0x08004ed8   Section        0  heap_4.o(i.pvPortMalloc)
    i.pxPortInitialiseStack                  0x08004fb0   Section        0  port.o(i.pxPortInitialiseStack)
    i.sqrt                                   0x08004fdc   Section        0  sqrt_full.o(i.sqrt)
    i.uxListRemove                           0x0800504a   Section        0  list.o(i.uxListRemove)
    i.vListInitialise                        0x0800506e   Section        0  list.o(i.vListInitialise)
    i.vListInitialiseItem                    0x08005084   Section        0  list.o(i.vListInitialiseItem)
    i.vListInsert                            0x0800508a   Section        0  list.o(i.vListInsert)
    i.vListInsertEnd                         0x080050ba   Section        0  list.o(i.vListInsertEnd)
    i.vPortEnterCritical                     0x080050d4   Section        0  port.o(i.vPortEnterCritical)
    i.vPortExitCritical                      0x08005114   Section        0  port.o(i.vPortExitCritical)
    i.vPortFree                              0x0800513c   Section        0  heap_4.o(i.vPortFree)
    i.vPortSetupTimerInterrupt               0x08005198   Section        0  port.o(i.vPortSetupTimerInterrupt)
    i.vTaskDelay                             0x080051b8   Section        0  tasks.o(i.vTaskDelay)
    i.vTaskStartScheduler                    0x08005204   Section        0  tasks.o(i.vTaskStartScheduler)
    i.vTaskSuspendAll                        0x0800526c   Section        0  tasks.o(i.vTaskSuspendAll)
    i.vTaskSwitchContext                     0x0800527c   Section        0  tasks.o(i.vTaskSwitchContext)
    i.w25q64_init                            0x080052d8   Section        0  w25q64.o(i.w25q64_init)
    i.xPortStartScheduler                    0x080052e8   Section        0  port.o(i.xPortStartScheduler)
    i.xPortSysTickHandler                    0x080053c8   Section        0  port.o(i.xPortSysTickHandler)
    i.xTaskCreate                            0x080053f4   Section        0  tasks.o(i.xTaskCreate)
    i.xTaskGetSchedulerState                 0x0800544c   Section        0  tasks.o(i.xTaskGetSchedulerState)
    i.xTaskIncrementTick                     0x08005468   Section        0  tasks.o(i.xTaskIncrementTick)
    i.xTaskResumeAll                         0x08005530   Section        0  tasks.o(i.xTaskResumeAll)
    .constdata                               0x080055f4   Section       20  nrf24l01.o(.constdata)
    .constdata                               0x08005608   Section       40  freertos.o(.constdata)
    .constdata                               0x08005630   Section       16  system_stm32f4xx.o(.constdata)
    .constdata                               0x08005640   Section        8  system_stm32f4xx.o(.constdata)
    .constdata                               0x08005648   Section     2048  arm_common_tables.o(.constdata)
    .constdata                               0x08005e48   Section    32768  arm_common_tables.o(.constdata)
    .constdata                               0x0800de48   Section      136  pow.o(.constdata)
    bp                                       0x0800de48   Data          16  pow.o(.constdata)
    dp_h                                     0x0800de58   Data          16  pow.o(.constdata)
    dp_l                                     0x0800de68   Data          16  pow.o(.constdata)
    L                                        0x0800de78   Data          48  pow.o(.constdata)
    P                                        0x0800dea8   Data          40  pow.o(.constdata)
    .constdata                               0x0800ded0   Section        8  qnan.o(.constdata)
    .conststring                             0x0800ded8   Section       20  freertos.o(.conststring)
    .data                                    0x20000000   Section        4  freq_cap.o(.data)
    .data                                    0x20000004   Section       10  max11046.o(.data)
    .data                                    0x2000000e   Section       15  nrf24l01.o(.data)
    .data                                    0x20000020   Section       12  freertos.o(.data)
    .data                                    0x2000002c   Section       12  stm32f4xx_hal.o(.data)
    .data                                    0x20000038   Section        4  system_stm32f4xx.o(.data)
    .data                                    0x2000003c   Section       24  heap_4.o(.data)
    pxEnd                                    0x2000003c   Data           4  heap_4.o(.data)
    xFreeBytesRemaining                      0x20000040   Data           4  heap_4.o(.data)
    xMinimumEverFreeBytesRemaining           0x20000044   Data           4  heap_4.o(.data)
    xBlockAllocatedBit                       0x20000048   Data           4  heap_4.o(.data)
    xStart                                   0x2000004c   Data           8  heap_4.o(.data)
    .data                                    0x20000054   Section       12  port.o(.data)
    ucMaxSysCallPriority                     0x20000054   Data           1  port.o(.data)
    uxCriticalNesting                        0x20000058   Data           4  port.o(.data)
    ulMaxPRIGROUPValue                       0x2000005c   Data           4  port.o(.data)
    .data                                    0x20000060   Section       60  tasks.o(.data)
    uxDeletedTasksWaitingCleanUp             0x20000064   Data           4  tasks.o(.data)
    uxCurrentNumberOfTasks                   0x20000068   Data           4  tasks.o(.data)
    xTickCount                               0x2000006c   Data           4  tasks.o(.data)
    uxTopReadyPriority                       0x20000070   Data           4  tasks.o(.data)
    xSchedulerRunning                        0x20000074   Data           4  tasks.o(.data)
    uxPendedTicks                            0x20000078   Data           4  tasks.o(.data)
    xYieldPending                            0x2000007c   Data           4  tasks.o(.data)
    xNumOfOverflows                          0x20000080   Data           4  tasks.o(.data)
    uxTaskNumber                             0x20000084   Data           4  tasks.o(.data)
    xNextTaskUnblockTime                     0x20000088   Data           4  tasks.o(.data)
    xIdleTaskHandle                          0x2000008c   Data           4  tasks.o(.data)
    uxSchedulerSuspended                     0x20000090   Data           4  tasks.o(.data)
    pxDelayedTaskList                        0x20000094   Data           4  tasks.o(.data)
    pxOverflowDelayedTaskList                0x20000098   Data           4  tasks.o(.data)
    .data                                    0x2000009c   Section        4  errno.o(.data)
    _errno                                   0x2000009c   Data           4  errno.o(.data)
    .bss                                     0x200000a0   Section       96  freq_cap.o(.bss)
    .bss                                     0x20000100   Section    16896  max11046.o(.bss)
    .bss                                     0x20004300   Section     2580  fft.o(.bss)
    .bss                                     0x20004d14   Section       96  nrf24l01.o(.bss)
    .bss                                     0x20004d78   Section      372  power_quality.o(.bss)
    .bss                                     0x20004eec   Section       32  freertos.o(.bss)
    NRF_tx_buf                               0x20004eec   Data          32  freertos.o(.bss)
    .bss                                     0x20004f0c   Section      120  tim.o(.bss)
    .bss                                     0x20004f84   Section       64  usart.o(.bss)
    .bss                                     0x20004fc4   Section       60  stm32f4xx_hal_timebase_tim.o(.bss)
    .bss                                     0x20005000   Section    15360  heap_4.o(.bss)
    ucHeap                                   0x20005000   Data       15360  heap_4.o(.bss)
    .bss                                     0x20008c00   Section      240  tasks.o(.bss)
    pxReadyTasksLists                        0x20008c00   Data         140  tasks.o(.bss)
    xDelayedTaskList1                        0x20008c8c   Data          20  tasks.o(.bss)
    xDelayedTaskList2                        0x20008ca0   Data          20  tasks.o(.bss)
    xPendingReadyList                        0x20008cb4   Data          20  tasks.o(.bss)
    xTasksWaitingTermination                 0x20008cc8   Data          20  tasks.o(.bss)
    xSuspendedTaskList                       0x20008cdc   Data          20  tasks.o(.bss)
    STACK                                    0x20008cf0   Section     1024  startup_stm32f446xx.o(STACK)

    Global Symbols

    Symbol Name                              Value     Ov Type        Size  Object(Section)

    BuildAttributes$$THM_ISAv4$E$P$D$K$B$S$7EM$VFPi3$EXTD16$VFPS$VFMA$PE$A:L22UL41UL21$X:L11$S22US41US21$IEEE1$IW$USESV6$~STKCKD$USESV7$~SHL$OTIME$ROPI$IEEEX$EBA8$MICROLIB$REQ8$PRES8$EABIv2 0x00000000   Number         0  anon$$obj.o ABSOLUTE
    __ARM_use_no_argv                        0x00000000   Number         0  main.o ABSOLUTE
    __cpp_initialize__aeabi_                  - Undefined Weak Reference
    __cxa_finalize                            - Undefined Weak Reference
    __decompress                              - Undefined Weak Reference
    _clock_init                               - Undefined Weak Reference
    _microlib_exit                            - Undefined Weak Reference
    __Vectors_Size                           0x000001c4   Number         0  startup_stm32f446xx.o ABSOLUTE
    __Vectors                                0x08000000   Data           4  startup_stm32f446xx.o(RESET)
    __Vectors_End                            0x080001c4   Data           0  startup_stm32f446xx.o(RESET)
    __main                                   0x080001c5   Thumb Code     0  entry.o(.ARM.Collect$$$$00000000)
    _main_stk                                0x080001c5   Thumb Code     0  entry2.o(.ARM.Collect$$$$00000001)
    _main_scatterload                        0x080001c9   Thumb Code     0  entry5.o(.ARM.Collect$$$$00000004)
    __main_after_scatterload                 0x080001cd   Thumb Code     0  entry5.o(.ARM.Collect$$$$00000004)
    _main_clock                              0x080001cd   Thumb Code     0  entry7b.o(.ARM.Collect$$$$00000008)
    _main_cpp_init                           0x080001cd   Thumb Code     0  entry8b.o(.ARM.Collect$$$$0000000A)
    _main_init                               0x080001cd   Thumb Code     0  entry9a.o(.ARM.Collect$$$$0000000B)
    __rt_final_cpp                           0x080001d5   Thumb Code     0  entry10a.o(.ARM.Collect$$$$0000000D)
    __rt_final_exit                          0x080001d5   Thumb Code     0  entry11a.o(.ARM.Collect$$$$0000000F)
    SVC_Handler                              0x080001d9   Thumb Code    28  port.o(.emb_text)
    __asm___6_port_c_39a90d8d__prvStartFirstTask 0x080001f9   Thumb Code    28  port.o(.emb_text)
    __asm___6_port_c_39a90d8d__prvEnableVFP  0x08000219   Thumb Code    16  port.o(.emb_text)
    PendSV_Handler                           0x0800022d   Thumb Code    92  port.o(.emb_text)
    vPortGetIPSR                             0x0800028d   Thumb Code     6  port.o(.emb_text)
    Reset_Handler                            0x08000295   Thumb Code     8  startup_stm32f446xx.o(.text)
    ADC_IRQHandler                           0x080002af   Thumb Code     0  startup_stm32f446xx.o(.text)
    CAN1_RX0_IRQHandler                      0x080002af   Thumb Code     0  startup_stm32f446xx.o(.text)
    CAN1_RX1_IRQHandler                      0x080002af   Thumb Code     0  startup_stm32f446xx.o(.text)
    CAN1_SCE_IRQHandler                      0x080002af   Thumb Code     0  startup_stm32f446xx.o(.text)
    CAN1_TX_IRQHandler                       0x080002af   Thumb Code     0  startup_stm32f446xx.o(.text)
    CAN2_RX0_IRQHandler                      0x080002af   Thumb Code     0  startup_stm32f446xx.o(.text)
    CAN2_RX1_IRQHandler                      0x080002af   Thumb Code     0  startup_stm32f446xx.o(.text)
    CAN2_SCE_IRQHandler                      0x080002af   Thumb Code     0  startup_stm32f446xx.o(.text)
    CAN2_TX_IRQHandler                       0x080002af   Thumb Code     0  startup_stm32f446xx.o(.text)
    CEC_IRQHandler                           0x080002af   Thumb Code     0  startup_stm32f446xx.o(.text)
    DCMI_IRQHandler                          0x080002af   Thumb Code     0  startup_stm32f446xx.o(.text)
    DMA1_Stream0_IRQHandler                  0x080002af   Thumb Code     0  startup_stm32f446xx.o(.text)
    DMA1_Stream1_IRQHandler                  0x080002af   Thumb Code     0  startup_stm32f446xx.o(.text)
    DMA1_Stream2_IRQHandler                  0x080002af   Thumb Code     0  startup_stm32f446xx.o(.text)
    DMA1_Stream3_IRQHandler                  0x080002af   Thumb Code     0  startup_stm32f446xx.o(.text)
    DMA1_Stream4_IRQHandler                  0x080002af   Thumb Code     0  startup_stm32f446xx.o(.text)
    DMA1_Stream5_IRQHandler                  0x080002af   Thumb Code     0  startup_stm32f446xx.o(.text)
    DMA1_Stream6_IRQHandler                  0x080002af   Thumb Code     0  startup_stm32f446xx.o(.text)
    DMA1_Stream7_IRQHandler                  0x080002af   Thumb Code     0  startup_stm32f446xx.o(.text)
    DMA2_Stream0_IRQHandler                  0x080002af   Thumb Code     0  startup_stm32f446xx.o(.text)
    DMA2_Stream1_IRQHandler                  0x080002af   Thumb Code     0  startup_stm32f446xx.o(.text)
    DMA2_Stream2_IRQHandler                  0x080002af   Thumb Code     0  startup_stm32f446xx.o(.text)
    DMA2_Stream3_IRQHandler                  0x080002af   Thumb Code     0  startup_stm32f446xx.o(.text)
    DMA2_Stream4_IRQHandler                  0x080002af   Thumb Code     0  startup_stm32f446xx.o(.text)
    DMA2_Stream5_IRQHandler                  0x080002af   Thumb Code     0  startup_stm32f446xx.o(.text)
    DMA2_Stream6_IRQHandler                  0x080002af   Thumb Code     0  startup_stm32f446xx.o(.text)
    DMA2_Stream7_IRQHandler                  0x080002af   Thumb Code     0  startup_stm32f446xx.o(.text)
    EXTI0_IRQHandler                         0x080002af   Thumb Code     0  startup_stm32f446xx.o(.text)
    EXTI15_10_IRQHandler                     0x080002af   Thumb Code     0  startup_stm32f446xx.o(.text)
    EXTI1_IRQHandler                         0x080002af   Thumb Code     0  startup_stm32f446xx.o(.text)
    EXTI2_IRQHandler                         0x080002af   Thumb Code     0  startup_stm32f446xx.o(.text)
    EXTI3_IRQHandler                         0x080002af   Thumb Code     0  startup_stm32f446xx.o(.text)
    EXTI4_IRQHandler                         0x080002af   Thumb Code     0  startup_stm32f446xx.o(.text)
    EXTI9_5_IRQHandler                       0x080002af   Thumb Code     0  startup_stm32f446xx.o(.text)
    FLASH_IRQHandler                         0x080002af   Thumb Code     0  startup_stm32f446xx.o(.text)
    FMC_IRQHandler                           0x080002af   Thumb Code     0  startup_stm32f446xx.o(.text)
    FPU_IRQHandler                           0x080002af   Thumb Code     0  startup_stm32f446xx.o(.text)
    I2C1_ER_IRQHandler                       0x080002af   Thumb Code     0  startup_stm32f446xx.o(.text)
    I2C1_EV_IRQHandler                       0x080002af   Thumb Code     0  startup_stm32f446xx.o(.text)
    I2C2_ER_IRQHandler                       0x080002af   Thumb Code     0  startup_stm32f446xx.o(.text)
    I2C2_EV_IRQHandler                       0x080002af   Thumb Code     0  startup_stm32f446xx.o(.text)
    I2C3_ER_IRQHandler                       0x080002af   Thumb Code     0  startup_stm32f446xx.o(.text)
    I2C3_EV_IRQHandler                       0x080002af   Thumb Code     0  startup_stm32f446xx.o(.text)
    I2C4_Error_IRQHandler                    0x080002af   Thumb Code     0  startup_stm32f446xx.o(.text)
    I2C4_Event_IRQHandler                    0x080002af   Thumb Code     0  startup_stm32f446xx.o(.text)
    OTG_FS_IRQHandler                        0x080002af   Thumb Code     0  startup_stm32f446xx.o(.text)
    OTG_FS_WKUP_IRQHandler                   0x080002af   Thumb Code     0  startup_stm32f446xx.o(.text)
    OTG_HS_EP1_IN_IRQHandler                 0x080002af   Thumb Code     0  startup_stm32f446xx.o(.text)
    OTG_HS_EP1_OUT_IRQHandler                0x080002af   Thumb Code     0  startup_stm32f446xx.o(.text)
    OTG_HS_IRQHandler                        0x080002af   Thumb Code     0  startup_stm32f446xx.o(.text)
    OTG_HS_WKUP_IRQHandler                   0x080002af   Thumb Code     0  startup_stm32f446xx.o(.text)
    PVD_IRQHandler                           0x080002af   Thumb Code     0  startup_stm32f446xx.o(.text)
    QUADSPI_IRQHandler                       0x080002af   Thumb Code     0  startup_stm32f446xx.o(.text)
    RCC_IRQHandler                           0x080002af   Thumb Code     0  startup_stm32f446xx.o(.text)
    RTC_Alarm_IRQHandler                     0x080002af   Thumb Code     0  startup_stm32f446xx.o(.text)
    RTC_WKUP_IRQHandler                      0x080002af   Thumb Code     0  startup_stm32f446xx.o(.text)
    SAI1_IRQHandler                          0x080002af   Thumb Code     0  startup_stm32f446xx.o(.text)
    SAI2_IRQHandler                          0x080002af   Thumb Code     0  startup_stm32f446xx.o(.text)
    SDIO_IRQHandler                          0x080002af   Thumb Code     0  startup_stm32f446xx.o(.text)
    SPDIF_RX_IRQHandler                      0x080002af   Thumb Code     0  startup_stm32f446xx.o(.text)
    SPI1_IRQHandler                          0x080002af   Thumb Code     0  startup_stm32f446xx.o(.text)
    SPI2_IRQHandler                          0x080002af   Thumb Code     0  startup_stm32f446xx.o(.text)
    SPI3_IRQHandler                          0x080002af   Thumb Code     0  startup_stm32f446xx.o(.text)
    SPI4_IRQHandler                          0x080002af   Thumb Code     0  startup_stm32f446xx.o(.text)
    TAMP_STAMP_IRQHandler                    0x080002af   Thumb Code     0  startup_stm32f446xx.o(.text)
    TIM1_BRK_TIM9_IRQHandler                 0x080002af   Thumb Code     0  startup_stm32f446xx.o(.text)
    TIM1_CC_IRQHandler                       0x080002af   Thumb Code     0  startup_stm32f446xx.o(.text)
    TIM1_TRG_COM_TIM11_IRQHandler            0x080002af   Thumb Code     0  startup_stm32f446xx.o(.text)
    TIM1_UP_TIM10_IRQHandler                 0x080002af   Thumb Code     0  startup_stm32f446xx.o(.text)
    TIM2_IRQHandler                          0x080002af   Thumb Code     0  startup_stm32f446xx.o(.text)
    TIM5_IRQHandler                          0x080002af   Thumb Code     0  startup_stm32f446xx.o(.text)
    TIM6_DAC_IRQHandler                      0x080002af   Thumb Code     0  startup_stm32f446xx.o(.text)
    TIM7_IRQHandler                          0x080002af   Thumb Code     0  startup_stm32f446xx.o(.text)
    TIM8_BRK_TIM12_IRQHandler                0x080002af   Thumb Code     0  startup_stm32f446xx.o(.text)
    TIM8_CC_IRQHandler                       0x080002af   Thumb Code     0  startup_stm32f446xx.o(.text)
    TIM8_UP_TIM13_IRQHandler                 0x080002af   Thumb Code     0  startup_stm32f446xx.o(.text)
    UART4_IRQHandler                         0x080002af   Thumb Code     0  startup_stm32f446xx.o(.text)
    UART5_IRQHandler                         0x080002af   Thumb Code     0  startup_stm32f446xx.o(.text)
    USART1_IRQHandler                        0x080002af   Thumb Code     0  startup_stm32f446xx.o(.text)
    USART2_IRQHandler                        0x080002af   Thumb Code     0  startup_stm32f446xx.o(.text)
    USART3_IRQHandler                        0x080002af   Thumb Code     0  startup_stm32f446xx.o(.text)
    USART6_IRQHandler                        0x080002af   Thumb Code     0  startup_stm32f446xx.o(.text)
    WWDG_IRQHandler                          0x080002af   Thumb Code     0  startup_stm32f446xx.o(.text)
    arm_cmplx_mag_f32                        0x080002b9   Thumb Code   246  arm_cmplx_mag_f32.o(.text)
    arm_radix2_butterfly_f32                 0x080003b5   Thumb Code   344  arm_cfft_radix2_f32.o(.text)
    arm_radix2_butterfly_inverse_f32         0x0800050d   Thumb Code   364  arm_cfft_radix2_f32.o(.text)
    arm_cfft_radix2_f32                      0x08000679   Thumb Code    60  arm_cfft_radix2_f32.o(.text)
    arm_cfft_radix2_init_f32                 0x080006b5   Thumb Code   230  arm_cfft_radix2_init_f32.o(.text)
    arm_bitreversal_f32                      0x080007e9   Thumb Code   178  arm_bitreversal.o(.text)
    arm_bitreversal_q31                      0x0800089b   Thumb Code   170  arm_bitreversal.o(.text)
    arm_bitreversal_q15                      0x08000945   Thumb Code   122  arm_bitreversal.o(.text)
    __aeabi_uldivmod                         0x080009bf   Thumb Code    98  uldiv.o(.text)
    __aeabi_memcpy                           0x08000a21   Thumb Code    36  memcpya.o(.text)
    __aeabi_memcpy4                          0x08000a21   Thumb Code     0  memcpya.o(.text)
    __aeabi_memcpy8                          0x08000a21   Thumb Code     0  memcpya.o(.text)
    __aeabi_dadd                             0x08000a45   Thumb Code   322  dadd.o(.text)
    __aeabi_dsub                             0x08000b87   Thumb Code     6  dadd.o(.text)
    __aeabi_drsub                            0x08000b8d   Thumb Code     6  dadd.o(.text)
    __aeabi_dmul                             0x08000b93   Thumb Code   228  dmul.o(.text)
    __aeabi_ddiv                             0x08000c77   Thumb Code   222  ddiv.o(.text)
    __aeabi_ui2d                             0x08000d55   Thumb Code    26  dfltui.o(.text)
    __aeabi_f2d                              0x08000d6f   Thumb Code    38  f2d.o(.text)
    __aeabi_cdrcmple                         0x08000d95   Thumb Code    48  cdrcmple.o(.text)
    __aeabi_d2f                              0x08000dc5   Thumb Code    56  d2f.o(.text)
    __aeabi_llsl                             0x08000dfd   Thumb Code    30  llshl.o(.text)
    _ll_shift_l                              0x08000dfd   Thumb Code     0  llshl.o(.text)
    __aeabi_llsr                             0x08000e1b   Thumb Code    32  llushr.o(.text)
    _ll_ushift_r                             0x08000e1b   Thumb Code     0  llushr.o(.text)
    __aeabi_lasr                             0x08000e3b   Thumb Code    36  llsshr.o(.text)
    _ll_sshift_r                             0x08000e3b   Thumb Code     0  llsshr.o(.text)
    __I$use$fp                               0x08000e5f   Thumb Code     0  iusefp.o(.text)
    _float_round                             0x08000e5f   Thumb Code    18  fepilogue.o(.text)
    _float_epilogue                          0x08000e71   Thumb Code    92  fepilogue.o(.text)
    _double_round                            0x08000ecd   Thumb Code    30  depilogue.o(.text)
    _double_epilogue                         0x08000eeb   Thumb Code   156  depilogue.o(.text)
    __ARM_scalbn                             0x08000f87   Thumb Code    46  dscalb.o(.text)
    scalbn                                   0x08000f87   Thumb Code     0  dscalb.o(.text)
    _dsqrt                                   0x08000fb5   Thumb Code   162  dsqrt.o(.text)
    __aeabi_i2d                              0x08001057   Thumb Code    34  dflti.o(.text)
    __scatterload                            0x08001079   Thumb Code    28  init.o(.text)
    __scatterload_rt2                        0x08001079   Thumb Code     0  init.o(.text)
    AD_IO_INIT                               0x0800109d   Thumb Code    28  max11046.o(i.AD_IO_INIT)
    BusFault_Handler                         0x080010c1   Thumb Code     2  stm32f4xx_it.o(i.BusFault_Handler)
    CE_Pin                                   0x080010c5   Thumb Code    34  nrf24l01.o(i.CE_Pin)
    CLEAR_AD_Data                            0x080010ed   Thumb Code    40  nrf24l01.o(i.CLEAR_AD_Data)
    CRX_INPUT_INIT                           0x08001115   Thumb Code    28  max11046.o(i.CRX_INPUT_INIT)
    CRX_OUTPUT_INIT                          0x08001135   Thumb Code    34  max11046.o(i.CRX_OUTPUT_INIT)
    CSN_Pin                                  0x0800115d   Thumb Code    34  nrf24l01.o(i.CSN_Pin)
    Configuration_AD_register                0x08001185   Thumb Code    66  max11046.o(i.Configuration_AD_register)
    DebugMon_Handler                         0x080011d5   Thumb Code     2  stm32f4xx_it.o(i.DebugMon_Handler)
    HAL_Delay                                0x080011d9   Thumb Code    32  stm32f4xx_hal.o(i.HAL_Delay)
    HAL_GPIO_Init                            0x080011fd   Thumb Code   378  stm32f4xx_hal_gpio.o(i.HAL_GPIO_Init)
    HAL_GPIO_ReadPin                         0x080013a1   Thumb Code    10  stm32f4xx_hal_gpio.o(i.HAL_GPIO_ReadPin)
    HAL_GPIO_WritePin                        0x080013ab   Thumb Code    10  stm32f4xx_hal_gpio.o(i.HAL_GPIO_WritePin)
    HAL_GetTick                              0x080013b5   Thumb Code     6  stm32f4xx_hal.o(i.HAL_GetTick)
    HAL_IncTick                              0x080013c1   Thumb Code    12  stm32f4xx_hal.o(i.HAL_IncTick)
    HAL_Init                                 0x080013d1   Thumb Code    48  stm32f4xx_hal.o(i.HAL_Init)
    HAL_InitTick                             0x08001405   Thumb Code   100  stm32f4xx_hal_timebase_tim.o(i.HAL_InitTick)
    HAL_MspInit                              0x08001479   Thumb Code   126  stm32f4xx_hal_msp.o(i.HAL_MspInit)
    HAL_NVIC_EnableIRQ                       0x080014fd   Thumb Code    22  stm32f4xx_hal_cortex.o(i.HAL_NVIC_EnableIRQ)
    HAL_NVIC_SetPriority                     0x08001515   Thumb Code    60  stm32f4xx_hal_cortex.o(i.HAL_NVIC_SetPriority)
    HAL_NVIC_SetPriorityGrouping             0x08001555   Thumb Code    26  stm32f4xx_hal_cortex.o(i.HAL_NVIC_SetPriorityGrouping)
    HAL_PWREx_EnableOverDrive                0x08001579   Thumb Code    98  stm32f4xx_hal_pwr_ex.o(i.HAL_PWREx_EnableOverDrive)
    HAL_RCC_ClockConfig                      0x080015e9   Thumb Code   286  stm32f4xx_hal_rcc.o(i.HAL_RCC_ClockConfig)
    HAL_RCC_GetClockConfig                   0x08001719   Thumb Code    54  stm32f4xx_hal_rcc.o(i.HAL_RCC_GetClockConfig)
    HAL_RCC_GetHCLKFreq                      0x08001759   Thumb Code     6  stm32f4xx_hal_rcc.o(i.HAL_RCC_GetHCLKFreq)
    HAL_RCC_GetPCLK1Freq                     0x08001765   Thumb Code    20  stm32f4xx_hal_rcc.o(i.HAL_RCC_GetPCLK1Freq)
    HAL_RCC_GetPCLK2Freq                     0x08001785   Thumb Code    20  stm32f4xx_hal_rcc.o(i.HAL_RCC_GetPCLK2Freq)
    HAL_RCC_GetSysClockFreq                  0x080017a5   Thumb Code   140  stm32f4xx_hal_rcc_ex.o(i.HAL_RCC_GetSysClockFreq)
    HAL_RCC_OscConfig                        0x0800183d   Thumb Code   814  stm32f4xx_hal_rcc_ex.o(i.HAL_RCC_OscConfig)
    HAL_SYSTICK_CLKSourceConfig              0x08001b81   Thumb Code    24  stm32f4xx_hal_cortex.o(i.HAL_SYSTICK_CLKSourceConfig)
    HAL_SYSTICK_Config                       0x08001b99   Thumb Code    40  stm32f4xx_hal_cortex.o(i.HAL_SYSTICK_Config)
    HAL_TIMEx_BreakCallback                  0x08001bc1   Thumb Code     2  stm32f4xx_hal_tim_ex.o(i.HAL_TIMEx_BreakCallback)
    HAL_TIMEx_CommutationCallback            0x08001bc3   Thumb Code     2  stm32f4xx_hal_tim_ex.o(i.HAL_TIMEx_CommutationCallback)
    HAL_TIMEx_MasterConfigSynchronization    0x08001bc5   Thumb Code    80  stm32f4xx_hal_tim_ex.o(i.HAL_TIMEx_MasterConfigSynchronization)
    HAL_TIM_Base_Init                        0x08001c15   Thumb Code    54  stm32f4xx_hal_tim.o(i.HAL_TIM_Base_Init)
    HAL_TIM_Base_MspInit                     0x08001c4d   Thumb Code   112  tim.o(i.HAL_TIM_Base_MspInit)
    HAL_TIM_Base_Start_IT                    0x08001ccd   Thumb Code    24  stm32f4xx_hal_tim.o(i.HAL_TIM_Base_Start_IT)
    HAL_TIM_ConfigClockSource                0x08001ce5   Thumb Code   242  stm32f4xx_hal_tim.o(i.HAL_TIM_ConfigClockSource)
    HAL_TIM_IC_CaptureCallback               0x08001dd9   Thumb Code   384  main.o(i.HAL_TIM_IC_CaptureCallback)
    HAL_TIM_IC_ConfigChannel                 0x08001f69   Thumb Code   286  stm32f4xx_hal_tim.o(i.HAL_TIM_IC_ConfigChannel)
    HAL_TIM_IC_Init                          0x08002087   Thumb Code    54  stm32f4xx_hal_tim.o(i.HAL_TIM_IC_Init)
    HAL_TIM_IC_MspInit                       0x080020bd   Thumb Code     2  stm32f4xx_hal_tim.o(i.HAL_TIM_IC_MspInit)
    HAL_TIM_IC_Start_IT                      0x080020bf   Thumb Code    76  stm32f4xx_hal_tim.o(i.HAL_TIM_IC_Start_IT)
    HAL_TIM_IRQHandler                       0x0800210b   Thumb Code   358  stm32f4xx_hal_tim.o(i.HAL_TIM_IRQHandler)
    HAL_TIM_OC_DelayElapsedCallback          0x08002271   Thumb Code     2  stm32f4xx_hal_tim.o(i.HAL_TIM_OC_DelayElapsedCallback)
    HAL_TIM_PWM_PulseFinishedCallback        0x08002273   Thumb Code     2  stm32f4xx_hal_tim.o(i.HAL_TIM_PWM_PulseFinishedCallback)
    HAL_TIM_PeriodElapsedCallback            0x08002275   Thumb Code    74  main.o(i.HAL_TIM_PeriodElapsedCallback)
    HAL_TIM_ReadCapturedValue                0x080022cd   Thumb Code    68  stm32f4xx_hal_tim.o(i.HAL_TIM_ReadCapturedValue)
    HAL_TIM_TriggerCallback                  0x08002311   Thumb Code     2  stm32f4xx_hal_tim.o(i.HAL_TIM_TriggerCallback)
    HAL_UART_Init                            0x08002313   Thumb Code    98  stm32f4xx_hal_uart.o(i.HAL_UART_Init)
    HAL_UART_MspInit                         0x08002375   Thumb Code    62  usart.o(i.HAL_UART_MspInit)
    HardFault_Handler                        0x080023c1   Thumb Code     2  stm32f4xx_it.o(i.HardFault_Handler)
    Harmonic_calculation_FFT                 0x080023c5   Thumb Code   342  fft.o(i.Harmonic_calculation_FFT)
    MAX11046_delay                           0x08002541   Thumb Code    14  max11046.o(i.MAX11046_delay)
    MISO_Pin                                 0x08002551   Thumb Code    28  nrf24l01.o(i.MISO_Pin)
    MOSI_Pin                                 0x08002571   Thumb Code    34  nrf24l01.o(i.MOSI_Pin)
    MX_FREERTOS_Init                         0x08002599   Thumb Code    42  freertos.o(i.MX_FREERTOS_Init)
    MX_GPIO_Init                             0x080025cd   Thumb Code   344  gpio.o(i.MX_GPIO_Init)
    MX_TIM3_Init                             0x08002745   Thumb Code   178  tim.o(i.MX_TIM3_Init)
    MX_TIM4_Init                             0x08002811   Thumb Code    90  tim.o(i.MX_TIM4_Init)
    MX_USART2_UART_Init                      0x08002885   Thumb Code    52  usart.o(i.MX_USART2_UART_Init)
    MemManage_Handler                        0x080028d1   Thumb Code     2  stm32f4xx_it.o(i.MemManage_Handler)
    NMI_Handler                              0x080028d3   Thumb Code     2  stm32f4xx_it.o(i.NMI_Handler)
    NRF_Check                                0x080028d5   Thumb Code    86  nrf24l01.o(i.NRF_Check)
    RX_Mode                                  0x08002955   Thumb Code   272  nrf24l01.o(i.RX_Mode)
    SCK_Pin                                  0x08002a69   Thumb Code    34  nrf24l01.o(i.SCK_Pin)
    SPI_RW                                   0x08002a91   Thumb Code    58  nrf24l01.o(i.SPI_RW)
    SPI_RW_Reg                               0x08002acb   Thumb Code    46  nrf24l01.o(i.SPI_RW_Reg)
    SPI_Read                                 0x08002af9   Thumb Code    42  nrf24l01.o(i.SPI_Read)
    SPI_Read_Buf                             0x08002b23   Thumb Code    64  nrf24l01.o(i.SPI_Read_Buf)
    SPI_Write_Buf                            0x08002b65   Thumb Code    68  nrf24l01.o(i.SPI_Write_Buf)
    SpiFlash_ReadOneByte                     0x08002ba9   Thumb Code    84  w25q64.o(i.SpiFlash_ReadOneByte)
    SpiFlash_Read_Data                       0x08002c01   Thumb Code    84  w25q64.o(i.SpiFlash_Read_Data)
    SpiFlash_WriteOneByte                    0x08002c59   Thumb Code    92  w25q64.o(i.SpiFlash_WriteOneByte)
    SpiFlash_Write_Data                      0x08002cd1   Thumb Code    88  w25q64.o(i.SpiFlash_Write_Data)
    StartDefaultTask                         0x08002d55   Thumb Code   308  freertos.o(i.StartDefaultTask)
    StartNrfTask                             0x08002ead   Thumb Code   208  freertos.o(i.StartNrfTask)
    SysTick_Handler                          0x08002f8d   Thumb Code     4  stm32f4xx_it.o(i.SysTick_Handler)
    SystemClock_Config                       0x08002f91   Thumb Code   156  main.o(i.SystemClock_Config)
    SystemInit                               0x08003035   Thumb Code    66  system_stm32f4xx.o(i.SystemInit)
    TIM3_IRQHandler                          0x08003089   Thumb Code     6  stm32f4xx_it.o(i.TIM3_IRQHandler)
    TIM4_IRQHandler                          0x08003095   Thumb Code     6  stm32f4xx_it.o(i.TIM4_IRQHandler)
    TIM8_TRG_COM_TIM14_IRQHandler            0x080030a1   Thumb Code     6  stm32f4xx_it.o(i.TIM8_TRG_COM_TIM14_IRQHandler)
    TIM_Base_SetConfig                       0x080030ad   Thumb Code   148  stm32f4xx_hal_tim.o(i.TIM_Base_SetConfig)
    TIM_CCxChannelCmd                        0x0800316d   Thumb Code    22  stm32f4xx_hal_tim.o(i.TIM_CCxChannelCmd)
    TIM_TI1_SetConfig                        0x080031c9   Thumb Code   104  stm32f4xx_hal_tim.o(i.TIM_TI1_SetConfig)
    TX_Mode                                  0x080032a9   Thumb Code   118  nrf24l01.o(i.TX_Mode)
    UsageFault_Handler                       0x080035d1   Thumb Code     2  stm32f4xx_it.o(i.UsageFault_Handler)
    Voltage_RMS_Calc                         0x080035d5   Thumb Code   642  power_quality.o(i.Voltage_RMS_Calc)
    _Error_Handler                           0x08003899   Thumb Code     2  main.o(i._Error_Handler)
    __ARM_fpclassify                         0x0800389b   Thumb Code    48  fpclassify.o(i.__ARM_fpclassify)
    __hardfp_pow                             0x080038d1   Thumb Code  3072  pow.o(i.__hardfp_pow)
    __hardfp_sqrt                            0x08004521   Thumb Code   122  sqrt_full.o(i.__hardfp_sqrt)
    __kernel_poly                            0x0800459b   Thumb Code   248  poly.o(i.__kernel_poly)
    __mathlib_dbl_divzero                    0x08004699   Thumb Code    28  dunder.o(i.__mathlib_dbl_divzero)
    __mathlib_dbl_infnan2                    0x080046c9   Thumb Code    20  dunder.o(i.__mathlib_dbl_infnan2)
    __mathlib_dbl_invalid                    0x080046e1   Thumb Code    24  dunder.o(i.__mathlib_dbl_invalid)
    __mathlib_dbl_overflow                   0x08004701   Thumb Code    24  dunder.o(i.__mathlib_dbl_overflow)
    __mathlib_dbl_underflow                  0x08004721   Thumb Code    24  dunder.o(i.__mathlib_dbl_underflow)
    __scatterload_copy                       0x08004741   Thumb Code    14  handlers.o(i.__scatterload_copy)
    __scatterload_null                       0x0800474f   Thumb Code     2  handlers.o(i.__scatterload_null)
    __scatterload_zeroinit                   0x08004751   Thumb Code    14  handlers.o(i.__scatterload_zeroinit)
    __set_errno                              0x08004761   Thumb Code     6  errno.o(i.__set_errno)
    data_process                             0x0800476d   Thumb Code   116  power_quality.o(i.data_process)
    fabs                                     0x08004805   Thumb Code    24  fabs.o(i.fabs)
    getADdata                                0x0800481d   Thumb Code   340  max11046.o(i.getADdata)
    get_DB_IO_DATA                           0x0800498d   Thumb Code   168  max11046.o(i.get_DB_IO_DATA)
    main                                     0x08004a41   Thumb Code    84  main.o(i.main)
    nRF24L01_Revceive                        0x08004aa9   Thumb Code   142  nrf24l01.o(i.nRF24L01_Revceive)
    osDelay                                  0x08004b41   Thumb Code    14  cmsis_os.o(i.osDelay)
    osKernelStart                            0x08004b4f   Thumb Code    10  cmsis_os.o(i.osKernelStart)
    osSystickHandler                         0x08004b59   Thumb Code    20  cmsis_os.o(i.osSystickHandler)
    osThreadCreate                           0x08004b6d   Thumb Code    46  cmsis_os.o(i.osThreadCreate)
    pvPortMalloc                             0x08004ed9   Thumb Code   210  heap_4.o(i.pvPortMalloc)
    pxPortInitialiseStack                    0x08004fb1   Thumb Code    40  port.o(i.pxPortInitialiseStack)
    sqrt                                     0x08004fdd   Thumb Code   110  sqrt_full.o(i.sqrt)
    uxListRemove                             0x0800504b   Thumb Code    36  list.o(i.uxListRemove)
    vListInitialise                          0x0800506f   Thumb Code    22  list.o(i.vListInitialise)
    vListInitialiseItem                      0x08005085   Thumb Code     6  list.o(i.vListInitialiseItem)
    vListInsert                              0x0800508b   Thumb Code    48  list.o(i.vListInsert)
    vListInsertEnd                           0x080050bb   Thumb Code    24  list.o(i.vListInsertEnd)
    vPortEnterCritical                       0x080050d5   Thumb Code    54  port.o(i.vPortEnterCritical)
    vPortExitCritical                        0x08005115   Thumb Code    34  port.o(i.vPortExitCritical)
    vPortFree                                0x0800513d   Thumb Code    88  heap_4.o(i.vPortFree)
    vPortSetupTimerInterrupt                 0x08005199   Thumb Code    26  port.o(i.vPortSetupTimerInterrupt)
    vTaskDelay                               0x080051b9   Thumb Code    66  tasks.o(i.vTaskDelay)
    vTaskStartScheduler                      0x08005205   Thumb Code    86  tasks.o(i.vTaskStartScheduler)
    vTaskSuspendAll                          0x0800526d   Thumb Code    10  tasks.o(i.vTaskSuspendAll)
    vTaskSwitchContext                       0x0800527d   Thumb Code    82  tasks.o(i.vTaskSwitchContext)
    w25q64_init                              0x080052d9   Thumb Code    10  w25q64.o(i.w25q64_init)
    xPortStartScheduler                      0x080052e9   Thumb Code   202  port.o(i.xPortStartScheduler)
    xPortSysTickHandler                      0x080053c9   Thumb Code    38  port.o(i.xPortSysTickHandler)
    xTaskCreate                              0x080053f5   Thumb Code    86  tasks.o(i.xTaskCreate)
    xTaskGetSchedulerState                   0x0800544d   Thumb Code    22  tasks.o(i.xTaskGetSchedulerState)
    xTaskIncrementTick                       0x08005469   Thumb Code   192  tasks.o(i.xTaskIncrementTick)
    xTaskResumeAll                           0x08005531   Thumb Code   182  tasks.o(i.xTaskResumeAll)
    TX_ADDRESS                               0x080055f4   Data           5  nrf24l01.o(.constdata)
    TX_ADDRESS1                              0x080055f9   Data           5  nrf24l01.o(.constdata)
    TX_ADDRESS2                              0x080055fe   Data           5  nrf24l01.o(.constdata)
    TX_ADDRESS3                              0x08005603   Data           5  nrf24l01.o(.constdata)
    AHBPrescTable                            0x08005630   Data          16  system_stm32f4xx.o(.constdata)
    APBPrescTable                            0x08005640   Data           8  system_stm32f4xx.o(.constdata)
    armBitRevTable                           0x08005648   Data        2048  arm_common_tables.o(.constdata)
    twiddleCoef_4096                         0x08005e48   Data       32768  arm_common_tables.o(.constdata)
    __mathlib_zero                           0x0800ded0   Data           8  qnan.o(.constdata)
    Region$$Table$$Base                      0x0800deec   Number         0  anon$$obj.o(Region$$Table)
    Region$$Table$$Limit                     0x0800df0c   Number         0  anon$$obj.o(Region$$Table)
    pfreq                                    0x20000000   Data           4  freq_cap.o(.data)
    AD_save_flag                             0x20000004   Data           1  max11046.o(.data)
    AD_save_flag1                            0x20000005   Data           1  max11046.o(.data)
    flicker_TEMP                             0x20000006   Data           1  max11046.o(.data)
    AD_TEMP_flag                             0x20000007   Data           1  max11046.o(.data)
    flicker_flag                             0x20000008   Data           1  max11046.o(.data)
    AD_TEMP_data                             0x2000000a   Data           2  max11046.o(.data)
    flicker_data                             0x2000000c   Data           2  max11046.o(.data)
    TestBuf                                  0x2000000e   Data           1  nrf24l01.o(.data)
    tx_buf                                   0x2000000f   Data          14  nrf24l01.o(.data)
    dgb_flg                                  0x20000020   Data           1  freertos.o(.data)
    nrfTaskHandle                            0x20000024   Data           4  freertos.o(.data)
    readbuf                                  0x20000028   Data           4  freertos.o(.data)
    uwTickFreq                               0x2000002c   Data           1  stm32f4xx_hal.o(.data)
    uwTickPrio                               0x20000030   Data           4  stm32f4xx_hal.o(.data)
    uwTick                                   0x20000034   Data           4  stm32f4xx_hal.o(.data)
    SystemCoreClock                          0x20000038   Data           4  system_stm32f4xx.o(.data)
    pxCurrentTCB                             0x20000060   Data           4  tasks.o(.data)
    freq_cap_data                            0x200000a0   Data          96  freq_cap.o(.bss)
    AD_01_dataupper                          0x20000100   Data        2560  max11046.o(.bss)
    AD_01_datalower                          0x20000b00   Data        2560  max11046.o(.bss)
    AD_02_dataupper                          0x20001500   Data        2560  max11046.o(.bss)
    AD_02_datalower                          0x20001f00   Data        2560  max11046.o(.bss)
    AD_03_dataupper                          0x20002900   Data        2560  max11046.o(.bss)
    AD_03_datalower                          0x20003300   Data        2560  max11046.o(.bss)
    flicker_01_dataupper                     0x20003d00   Data         256  max11046.o(.bss)
    flicker_01_datalower                     0x20003e00   Data         256  max11046.o(.bss)
    flicker_02_dataupper                     0x20003f00   Data         256  max11046.o(.bss)
    flicker_02_datalower                     0x20004000   Data         256  max11046.o(.bss)
    flicker_03_dataupper                     0x20004100   Data         256  max11046.o(.bss)
    flicker_03_datalower                     0x20004200   Data         256  max11046.o(.bss)
    fft_inputbuf                             0x20004300   Data        1024  fft.o(.bss)
    fft_harmonicA_output                     0x20004700   Data         512  fft.o(.bss)
    fft_harmonicB_output                     0x20004900   Data         512  fft.o(.bss)
    fft_harmonicC_output                     0x20004b00   Data         512  fft.o(.bss)
    scfft2                                   0x20004d00   Data          20  fft.o(.bss)
    NRF_rx_buf                               0x20004d14   Data          32  nrf24l01.o(.bss)
    NRF_rx_buf1                              0x20004d34   Data          32  nrf24l01.o(.bss)
    NRF_rx_buf2                              0x20004d54   Data          32  nrf24l01.o(.bss)
    ad_RMS                                   0x20004d78   Data         240  power_quality.o(.bss)
    AD_data_sum                              0x20004e68   Data          24  power_quality.o(.bss)
    Data_deviation                           0x20004e80   Data          48  power_quality.o(.bss)
    Data_deviation1                          0x20004eb0   Data          48  power_quality.o(.bss)
    rms_tab                                  0x20004ee0   Data          12  power_quality.o(.bss)
    htim3                                    0x20004f0c   Data          60  tim.o(.bss)
    htim4                                    0x20004f48   Data          60  tim.o(.bss)
    huart2                                   0x20004f84   Data          64  usart.o(.bss)
    htim14                                   0x20004fc4   Data          60  stm32f4xx_hal_timebase_tim.o(.bss)
    __initial_sp                             0x200090f0   Data           0  startup_stm32f446xx.o(STACK)



==============================================================================

Memory Map of the image

  Image Entry point : 0x080001c5

  Load Region LR_IROM1 (Base: 0x08000000, Size: 0x0000dfac, Max: 0x00080000, ABSOLUTE)

    Execution Region ER_IROM1 (Exec base: 0x08000000, Load base: 0x08000000, Size: 0x0000df0c, Max: 0x00080000, ABSOLUTE)

    Exec Addr    Load Addr    Size         Type   Attr      Idx    E Section Name        Object

    0x08000000   0x08000000   0x000001c4   Data   RO            3    RESET               startup_stm32f446xx.o
    0x080001c4   0x080001c4   0x00000000   Code   RO         4706  * .ARM.Collect$$$$00000000  mc_w.l(entry.o)
    0x080001c4   0x080001c4   0x00000004   Code   RO         4756    .ARM.Collect$$$$00000001  mc_w.l(entry2.o)
    0x080001c8   0x080001c8   0x00000004   Code   RO         4759    .ARM.Collect$$$$00000004  mc_w.l(entry5.o)
    0x080001cc   0x080001cc   0x00000000   Code   RO         4761    .ARM.Collect$$$$00000008  mc_w.l(entry7b.o)
    0x080001cc   0x080001cc   0x00000000   Code   RO         4763    .ARM.Collect$$$$0000000A  mc_w.l(entry8b.o)
    0x080001cc   0x080001cc   0x00000008   Code   RO         4764    .ARM.Collect$$$$0000000B  mc_w.l(entry9a.o)
    0x080001d4   0x080001d4   0x00000000   Code   RO         4766    .ARM.Collect$$$$0000000D  mc_w.l(entry10a.o)
    0x080001d4   0x080001d4   0x00000000   Code   RO         4768    .ARM.Collect$$$$0000000F  mc_w.l(entry11a.o)
    0x080001d4   0x080001d4   0x00000004   Code   RO         4757    .ARM.Collect$$$$00002712  mc_w.l(entry2.o)
    0x080001d8   0x080001d8   0x000000ba   Code   RO         3462    .emb_text           port.o
    0x08000292   0x08000292   0x00000002   PAD
    0x08000294   0x08000294   0x00000024   Code   RO            4    .text               startup_stm32f446xx.o
    0x080002b8   0x080002b8   0x000000fc   Code   RO         4470    .text               arm_cortexM4lf_math.lib(arm_cmplx_mag_f32.o)
    0x080003b4   0x080003b4   0x00000300   Code   RO         4522    .text               arm_cortexM4lf_math.lib(arm_cfft_radix2_f32.o)
    0x080006b4   0x080006b4   0x00000134   Code   RO         4549    .text               arm_cortexM4lf_math.lib(arm_cfft_radix2_init_f32.o)
    0x080007e8   0x080007e8   0x000001d6   Code   RO         4577    .text               arm_cortexM4lf_math.lib(arm_bitreversal.o)
    0x080009be   0x080009be   0x00000062   Code   RO         4709    .text               mc_w.l(uldiv.o)
    0x08000a20   0x08000a20   0x00000024   Code   RO         4711    .text               mc_w.l(memcpya.o)
    0x08000a44   0x08000a44   0x0000014e   Code   RO         4715    .text               mf_w.l(dadd.o)
    0x08000b92   0x08000b92   0x000000e4   Code   RO         4717    .text               mf_w.l(dmul.o)
    0x08000c76   0x08000c76   0x000000de   Code   RO         4719    .text               mf_w.l(ddiv.o)
    0x08000d54   0x08000d54   0x0000001a   Code   RO         4721    .text               mf_w.l(dfltui.o)
    0x08000d6e   0x08000d6e   0x00000026   Code   RO         4723    .text               mf_w.l(f2d.o)
    0x08000d94   0x08000d94   0x00000030   Code   RO         4727    .text               mf_w.l(cdrcmple.o)
    0x08000dc4   0x08000dc4   0x00000038   Code   RO         4729    .text               mf_w.l(d2f.o)
    0x08000dfc   0x08000dfc   0x0000001e   Code   RO         4770    .text               mc_w.l(llshl.o)
    0x08000e1a   0x08000e1a   0x00000020   Code   RO         4772    .text               mc_w.l(llushr.o)
    0x08000e3a   0x08000e3a   0x00000024   Code   RO         4774    .text               mc_w.l(llsshr.o)
    0x08000e5e   0x08000e5e   0x00000000   Code   RO         4783    .text               mc_w.l(iusefp.o)
    0x08000e5e   0x08000e5e   0x0000006e   Code   RO         4784    .text               mf_w.l(fepilogue.o)
    0x08000ecc   0x08000ecc   0x000000ba   Code   RO         4786    .text               mf_w.l(depilogue.o)
    0x08000f86   0x08000f86   0x0000002e   Code   RO         4790    .text               mf_w.l(dscalb.o)
    0x08000fb4   0x08000fb4   0x000000a2   Code   RO         4792    .text               mf_w.l(dsqrt.o)
    0x08001056   0x08001056   0x00000022   Code   RO         4794    .text               mf_w.l(dflti.o)
    0x08001078   0x08001078   0x00000024   Code   RO         4796    .text               mc_w.l(init.o)
    0x0800109c   0x0800109c   0x00000024   Code   RO          132    i.AD_IO_INIT        max11046.o
    0x080010c0   0x080010c0   0x00000002   Code   RO          868    i.BusFault_Handler  stm32f4xx_it.o
    0x080010c2   0x080010c2   0x00000002   PAD
    0x080010c4   0x080010c4   0x00000028   Code   RO          244    i.CE_Pin            nrf24l01.o
    0x080010ec   0x080010ec   0x00000028   Code   RO          245    i.CLEAR_AD_Data     nrf24l01.o
    0x08001114   0x08001114   0x00000020   Code   RO          133    i.CRX_INPUT_INIT    max11046.o
    0x08001134   0x08001134   0x00000028   Code   RO          134    i.CRX_OUTPUT_INIT   max11046.o
    0x0800115c   0x0800115c   0x00000028   Code   RO          247    i.CSN_Pin           nrf24l01.o
    0x08001184   0x08001184   0x00000050   Code   RO          135    i.Configuration_AD_register  max11046.o
    0x080011d4   0x080011d4   0x00000002   Code   RO          869    i.DebugMon_Handler  stm32f4xx_it.o
    0x080011d6   0x080011d6   0x00000002   PAD
    0x080011d8   0x080011d8   0x00000024   Code   RO         3193    i.HAL_Delay         stm32f4xx_hal.o
    0x080011fc   0x080011fc   0x000001a4   Code   RO         2649    i.HAL_GPIO_Init     stm32f4xx_hal_gpio.o
    0x080013a0   0x080013a0   0x0000000a   Code   RO         2651    i.HAL_GPIO_ReadPin  stm32f4xx_hal_gpio.o
    0x080013aa   0x080013aa   0x0000000a   Code   RO         2653    i.HAL_GPIO_WritePin  stm32f4xx_hal_gpio.o
    0x080013b4   0x080013b4   0x0000000c   Code   RO         3199    i.HAL_GetTick       stm32f4xx_hal.o
    0x080013c0   0x080013c0   0x00000010   Code   RO         3203    i.HAL_IncTick       stm32f4xx_hal.o
    0x080013d0   0x080013d0   0x00000034   Code   RO         3204    i.HAL_Init          stm32f4xx_hal.o
    0x08001404   0x08001404   0x00000074   Code   RO          974    i.HAL_InitTick      stm32f4xx_hal_timebase_tim.o
    0x08001478   0x08001478   0x00000084   Code   RO          950    i.HAL_MspInit       stm32f4xx_hal_msp.o
    0x080014fc   0x080014fc   0x00000016   Code   RO         3056    i.HAL_NVIC_EnableIRQ  stm32f4xx_hal_cortex.o
    0x08001512   0x08001512   0x00000002   PAD
    0x08001514   0x08001514   0x00000040   Code   RO         3062    i.HAL_NVIC_SetPriority  stm32f4xx_hal_cortex.o
    0x08001554   0x08001554   0x00000024   Code   RO         3063    i.HAL_NVIC_SetPriorityGrouping  stm32f4xx_hal_cortex.o
    0x08001578   0x08001578   0x00000070   Code   RO         2985    i.HAL_PWREx_EnableOverDrive  stm32f4xx_hal_pwr_ex.o
    0x080015e8   0x080015e8   0x00000130   Code   RO         2211    i.HAL_RCC_ClockConfig  stm32f4xx_hal_rcc.o
    0x08001718   0x08001718   0x00000040   Code   RO         2215    i.HAL_RCC_GetClockConfig  stm32f4xx_hal_rcc.o
    0x08001758   0x08001758   0x0000000c   Code   RO         2216    i.HAL_RCC_GetHCLKFreq  stm32f4xx_hal_rcc.o
    0x08001764   0x08001764   0x00000020   Code   RO         2218    i.HAL_RCC_GetPCLK1Freq  stm32f4xx_hal_rcc.o
    0x08001784   0x08001784   0x00000020   Code   RO         2219    i.HAL_RCC_GetPCLK2Freq  stm32f4xx_hal_rcc.o
    0x080017a4   0x080017a4   0x00000098   Code   RO         2322    i.HAL_RCC_GetSysClockFreq  stm32f4xx_hal_rcc_ex.o
    0x0800183c   0x0800183c   0x00000344   Code   RO         2323    i.HAL_RCC_OscConfig  stm32f4xx_hal_rcc_ex.o
    0x08001b80   0x08001b80   0x00000018   Code   RO         3065    i.HAL_SYSTICK_CLKSourceConfig  stm32f4xx_hal_cortex.o
    0x08001b98   0x08001b98   0x00000028   Code   RO         3067    i.HAL_SYSTICK_Config  stm32f4xx_hal_cortex.o
    0x08001bc0   0x08001bc0   0x00000002   Code   RO         1645    i.HAL_TIMEx_BreakCallback  stm32f4xx_hal_tim_ex.o
    0x08001bc2   0x08001bc2   0x00000002   Code   RO         1646    i.HAL_TIMEx_CommutationCallback  stm32f4xx_hal_tim_ex.o
    0x08001bc4   0x08001bc4   0x00000050   Code   RO         1662    i.HAL_TIMEx_MasterConfigSynchronization  stm32f4xx_hal_tim_ex.o
    0x08001c14   0x08001c14   0x00000036   Code   RO         1016    i.HAL_TIM_Base_Init  stm32f4xx_hal_tim.o
    0x08001c4a   0x08001c4a   0x00000002   PAD
    0x08001c4c   0x08001c4c   0x00000080   Code   RO          779    i.HAL_TIM_Base_MspInit  tim.o
    0x08001ccc   0x08001ccc   0x00000018   Code   RO         1021    i.HAL_TIM_Base_Start_IT  stm32f4xx_hal_tim.o
    0x08001ce4   0x08001ce4   0x000000f2   Code   RO         1025    i.HAL_TIM_ConfigClockSource  stm32f4xx_hal_tim.o
    0x08001dd6   0x08001dd6   0x00000002   PAD
    0x08001dd8   0x08001dd8   0x00000190   Code   RO          627    i.HAL_TIM_IC_CaptureCallback  main.o
    0x08001f68   0x08001f68   0x0000011e   Code   RO         1046    i.HAL_TIM_IC_ConfigChannel  stm32f4xx_hal_tim.o
    0x08002086   0x08002086   0x00000036   Code   RO         1049    i.HAL_TIM_IC_Init   stm32f4xx_hal_tim.o
    0x080020bc   0x080020bc   0x00000002   Code   RO         1051    i.HAL_TIM_IC_MspInit  stm32f4xx_hal_tim.o
    0x080020be   0x080020be   0x0000004c   Code   RO         1054    i.HAL_TIM_IC_Start_IT  stm32f4xx_hal_tim.o
    0x0800210a   0x0800210a   0x00000166   Code   RO         1058    i.HAL_TIM_IRQHandler  stm32f4xx_hal_tim.o
    0x08002270   0x08002270   0x00000002   Code   RO         1061    i.HAL_TIM_OC_DelayElapsedCallback  stm32f4xx_hal_tim.o
    0x08002272   0x08002272   0x00000002   Code   RO         1088    i.HAL_TIM_PWM_PulseFinishedCallback  stm32f4xx_hal_tim.o
    0x08002274   0x08002274   0x00000058   Code   RO          628    i.HAL_TIM_PeriodElapsedCallback  main.o
    0x080022cc   0x080022cc   0x00000044   Code   RO         1096    i.HAL_TIM_ReadCapturedValue  stm32f4xx_hal_tim.o
    0x08002310   0x08002310   0x00000002   Code   RO         1099    i.HAL_TIM_TriggerCallback  stm32f4xx_hal_tim.o
    0x08002312   0x08002312   0x00000062   Code   RO         1909    i.HAL_UART_Init     stm32f4xx_hal_uart.o
    0x08002374   0x08002374   0x0000004c   Code   RO          827    i.HAL_UART_MspInit  usart.o
    0x080023c0   0x080023c0   0x00000002   Code   RO          870    i.HardFault_Handler  stm32f4xx_it.o
    0x080023c2   0x080023c2   0x00000002   PAD
    0x080023c4   0x080023c4   0x0000017c   Code   RO          202    i.Harmonic_calculation_FFT  fft.o
    0x08002540   0x08002540   0x0000000e   Code   RO          136    i.MAX11046_delay    max11046.o
    0x0800254e   0x0800254e   0x00000002   PAD
    0x08002550   0x08002550   0x00000020   Code   RO          248    i.MISO_Pin          nrf24l01.o
    0x08002570   0x08002570   0x00000028   Code   RO          249    i.MOSI_Pin          nrf24l01.o
    0x08002598   0x08002598   0x00000034   Code   RO          714    i.MX_FREERTOS_Init  freertos.o
    0x080025cc   0x080025cc   0x00000178   Code   RO          690    i.MX_GPIO_Init      gpio.o
    0x08002744   0x08002744   0x000000cc   Code   RO          780    i.MX_TIM3_Init      tim.o
    0x08002810   0x08002810   0x00000074   Code   RO          781    i.MX_TIM4_Init      tim.o
    0x08002884   0x08002884   0x0000004c   Code   RO          828    i.MX_USART2_UART_Init  usart.o
    0x080028d0   0x080028d0   0x00000002   Code   RO          871    i.MemManage_Handler  stm32f4xx_it.o
    0x080028d2   0x080028d2   0x00000002   Code   RO          872    i.NMI_Handler       stm32f4xx_it.o
    0x080028d4   0x080028d4   0x00000060   Code   RO          250    i.NRF_Check         nrf24l01.o
    0x08002934   0x08002934   0x00000020   Code   RO         3069    i.NVIC_SetPriority  stm32f4xx_hal_cortex.o
    0x08002954   0x08002954   0x00000114   Code   RO          251    i.RX_Mode           nrf24l01.o
    0x08002a68   0x08002a68   0x00000028   Code   RO          252    i.SCK_Pin           nrf24l01.o
    0x08002a90   0x08002a90   0x0000003a   Code   RO          253    i.SPI_RW            nrf24l01.o
    0x08002aca   0x08002aca   0x0000002e   Code   RO          254    i.SPI_RW_Reg        nrf24l01.o
    0x08002af8   0x08002af8   0x0000002a   Code   RO          255    i.SPI_Read          nrf24l01.o
    0x08002b22   0x08002b22   0x00000040   Code   RO          256    i.SPI_Read_Buf      nrf24l01.o
    0x08002b62   0x08002b62   0x00000002   PAD
    0x08002b64   0x08002b64   0x00000044   Code   RO          257    i.SPI_Write_Buf     nrf24l01.o
    0x08002ba8   0x08002ba8   0x00000058   Code   RO          457    i.SpiFlash_ReadOneByte  w25q64.o
    0x08002c00   0x08002c00   0x00000058   Code   RO          459    i.SpiFlash_Read_Data  w25q64.o
    0x08002c58   0x08002c58   0x00000060   Code   RO          461    i.SpiFlash_WriteOneByte  w25q64.o
    0x08002cb8   0x08002cb8   0x00000016   Code   RO          462    i.SpiFlash_Write_CMD  w25q64.o
    0x08002cce   0x08002cce   0x00000002   PAD
    0x08002cd0   0x08002cd0   0x0000005c   Code   RO          463    i.SpiFlash_Write_Data  w25q64.o
    0x08002d2c   0x08002d2c   0x00000028   Code   RO          464    i.SpiFlash_Write_Enable  w25q64.o
    0x08002d54   0x08002d54   0x00000158   Code   RO          715    i.StartDefaultTask  freertos.o
    0x08002eac   0x08002eac   0x000000e0   Code   RO          716    i.StartNrfTask      freertos.o
    0x08002f8c   0x08002f8c   0x00000004   Code   RO          873    i.SysTick_Handler   stm32f4xx_it.o
    0x08002f90   0x08002f90   0x000000a4   Code   RO          629    i.SystemClock_Config  main.o
    0x08003034   0x08003034   0x00000054   Code   RO         3358    i.SystemInit        system_stm32f4xx.o
    0x08003088   0x08003088   0x0000000c   Code   RO          874    i.TIM3_IRQHandler   stm32f4xx_it.o
    0x08003094   0x08003094   0x0000000c   Code   RO          875    i.TIM4_IRQHandler   stm32f4xx_it.o
    0x080030a0   0x080030a0   0x0000000c   Code   RO          876    i.TIM8_TRG_COM_TIM14_IRQHandler  stm32f4xx_it.o
    0x080030ac   0x080030ac   0x000000c0   Code   RO         1100    i.TIM_Base_SetConfig  stm32f4xx_hal_tim.o
    0x0800316c   0x0800316c   0x00000016   Code   RO         1101    i.TIM_CCxChannelCmd  stm32f4xx_hal_tim.o
    0x08003182   0x08003182   0x00000014   Code   RO         1107    i.TIM_ETR_SetConfig  stm32f4xx_hal_tim.o
    0x08003196   0x08003196   0x00000010   Code   RO         1108    i.TIM_ITRx_SetConfig  stm32f4xx_hal_tim.o
    0x080031a6   0x080031a6   0x00000022   Code   RO         1114    i.TIM_TI1_ConfigInputStage  stm32f4xx_hal_tim.o
    0x080031c8   0x080031c8   0x00000084   Code   RO         1115    i.TIM_TI1_SetConfig  stm32f4xx_hal_tim.o
    0x0800324c   0x0800324c   0x00000024   Code   RO         1116    i.TIM_TI2_ConfigInputStage  stm32f4xx_hal_tim.o
    0x08003270   0x08003270   0x00000036   Code   RO         1117    i.TIM_TI2_SetConfig  stm32f4xx_hal_tim.o
    0x080032a6   0x080032a6   0x00000002   PAD
    0x080032a8   0x080032a8   0x0000007c   Code   RO          258    i.TX_Mode           nrf24l01.o
    0x08003324   0x08003324   0x000002ac   Code   RO         1935    i.UART_SetConfig    stm32f4xx_hal_uart.o
    0x080035d0   0x080035d0   0x00000002   Code   RO          877    i.UsageFault_Handler  stm32f4xx_it.o
    0x080035d2   0x080035d2   0x00000002   PAD
    0x080035d4   0x080035d4   0x000002c4   Code   RO          570    i.Voltage_RMS_Calc  power_quality.o
    0x08003898   0x08003898   0x00000002   Code   RO          630    i._Error_Handler    main.o
    0x0800389a   0x0800389a   0x00000030   Code   RO         4751    i.__ARM_fpclassify  m_wm.l(fpclassify.o)
    0x080038ca   0x080038ca   0x00000006   PAD
    0x080038d0   0x080038d0   0x00000c50   Code   RO         4680    i.__hardfp_pow      m_wm.l(pow.o)
    0x08004520   0x08004520   0x0000007a   Code   RO         4694    i.__hardfp_sqrt     m_wm.l(sqrt_full.o)
    0x0800459a   0x0800459a   0x000000f8   Code   RO         4753    i.__kernel_poly     m_wm.l(poly.o)
    0x08004692   0x08004692   0x00000006   PAD
    0x08004698   0x08004698   0x00000030   Code   RO         4731    i.__mathlib_dbl_divzero  m_wm.l(dunder.o)
    0x080046c8   0x080046c8   0x00000014   Code   RO         4733    i.__mathlib_dbl_infnan2  m_wm.l(dunder.o)
    0x080046dc   0x080046dc   0x00000004   PAD
    0x080046e0   0x080046e0   0x00000020   Code   RO         4734    i.__mathlib_dbl_invalid  m_wm.l(dunder.o)
    0x08004700   0x08004700   0x00000020   Code   RO         4735    i.__mathlib_dbl_overflow  m_wm.l(dunder.o)
    0x08004720   0x08004720   0x00000020   Code   RO         4737    i.__mathlib_dbl_underflow  m_wm.l(dunder.o)
    0x08004740   0x08004740   0x0000000e   Code   RO         4800    i.__scatterload_copy  mc_w.l(handlers.o)
    0x0800474e   0x0800474e   0x00000002   Code   RO         4801    i.__scatterload_null  mc_w.l(handlers.o)
    0x08004750   0x08004750   0x0000000e   Code   RO         4802    i.__scatterload_zeroinit  mc_w.l(handlers.o)
    0x0800475e   0x0800475e   0x00000002   PAD
    0x08004760   0x08004760   0x0000000c   Code   RO         4778    i.__set_errno       mc_w.l(errno.o)
    0x0800476c   0x0800476c   0x00000098   Code   RO          572    i.data_process      power_quality.o
    0x08004804   0x08004804   0x00000018   Code   RO         4747    i.fabs              m_wm.l(fabs.o)
    0x0800481c   0x0800481c   0x00000170   Code   RO          137    i.getADdata         max11046.o
    0x0800498c   0x0800498c   0x000000b4   Code   RO          138    i.get_DB_IO_DATA    max11046.o
    0x08004a40   0x08004a40   0x0000005c   Code   RO          631    i.main              main.o
    0x08004a9c   0x08004a9c   0x0000000c   Code   RO         4094    i.makeFreeRtosPriority  cmsis_os.o
    0x08004aa8   0x08004aa8   0x00000098   Code   RO          265    i.nRF24L01_Revceive  nrf24l01.o
    0x08004b40   0x08004b40   0x0000000e   Code   RO         4096    i.osDelay           cmsis_os.o
    0x08004b4e   0x08004b4e   0x0000000a   Code   RO         4099    i.osKernelStart     cmsis_os.o
    0x08004b58   0x08004b58   0x00000014   Code   RO         4132    i.osSystickHandler  cmsis_os.o
    0x08004b6c   0x08004b6c   0x0000002e   Code   RO         4133    i.osThreadCreate    cmsis_os.o
    0x08004b9a   0x08004b9a   0x00000002   PAD
    0x08004b9c   0x08004b9c   0x00000070   Code   RO         3805    i.prvAddCurrentTaskToDelayedList  tasks.o
    0x08004c0c   0x08004c0c   0x000000d0   Code   RO         3806    i.prvAddNewTaskToReadyList  tasks.o
    0x08004cdc   0x08004cdc   0x00000050   Code   RO         3807    i.prvCheckTasksWaitingTermination  tasks.o
    0x08004d2c   0x08004d2c   0x00000014   Code   RO         3808    i.prvDeleteTCB      tasks.o
    0x08004d40   0x08004d40   0x0000004c   Code   RO         3392    i.prvHeapInit       heap_4.o
    0x08004d8c   0x08004d8c   0x00000028   Code   RO         3809    i.prvIdleTask       tasks.o
    0x08004db4   0x08004db4   0x0000008e   Code   RO         3810    i.prvInitialiseNewTask  tasks.o
    0x08004e42   0x08004e42   0x00000002   PAD
    0x08004e44   0x08004e44   0x0000004c   Code   RO         3393    i.prvInsertBlockIntoFreeList  heap_4.o
    0x08004e90   0x08004e90   0x00000020   Code   RO         3811    i.prvResetNextTaskUnblockTime  tasks.o
    0x08004eb0   0x08004eb0   0x00000028   Code   RO         3463    i.prvTaskExitError  port.o
    0x08004ed8   0x08004ed8   0x000000d8   Code   RO         3394    i.pvPortMalloc      heap_4.o
    0x08004fb0   0x08004fb0   0x0000002c   Code   RO         3464    i.pxPortInitialiseStack  port.o
    0x08004fdc   0x08004fdc   0x0000006e   Code   RO         4696    i.sqrt              m_wm.l(sqrt_full.o)
    0x0800504a   0x0800504a   0x00000024   Code   RO         3628    i.uxListRemove      list.o
    0x0800506e   0x0800506e   0x00000016   Code   RO         3629    i.vListInitialise   list.o
    0x08005084   0x08005084   0x00000006   Code   RO         3630    i.vListInitialiseItem  list.o
    0x0800508a   0x0800508a   0x00000030   Code   RO         3631    i.vListInsert       list.o
    0x080050ba   0x080050ba   0x00000018   Code   RO         3632    i.vListInsertEnd    list.o
    0x080050d2   0x080050d2   0x00000002   PAD
    0x080050d4   0x080050d4   0x00000040   Code   RO         3466    i.vPortEnterCritical  port.o
    0x08005114   0x08005114   0x00000028   Code   RO         3467    i.vPortExitCritical  port.o
    0x0800513c   0x0800513c   0x0000005c   Code   RO         3395    i.vPortFree         heap_4.o
    0x08005198   0x08005198   0x00000020   Code   RO         3468    i.vPortSetupTimerInterrupt  port.o
    0x080051b8   0x080051b8   0x0000004c   Code   RO         3819    i.vTaskDelay        tasks.o
    0x08005204   0x08005204   0x00000068   Code   RO         3830    i.vTaskStartScheduler  tasks.o
    0x0800526c   0x0800526c   0x00000010   Code   RO         3832    i.vTaskSuspendAll   tasks.o
    0x0800527c   0x0800527c   0x0000005c   Code   RO         3833    i.vTaskSwitchContext  tasks.o
    0x080052d8   0x080052d8   0x00000010   Code   RO          468    i.w25q64_init       w25q64.o
    0x080052e8   0x080052e8   0x000000e0   Code   RO         3470    i.xPortStartScheduler  port.o
    0x080053c8   0x080053c8   0x0000002c   Code   RO         3471    i.xPortSysTickHandler  port.o
    0x080053f4   0x080053f4   0x00000056   Code   RO         3835    i.xTaskCreate       tasks.o
    0x0800544a   0x0800544a   0x00000002   PAD
    0x0800544c   0x0800544c   0x0000001c   Code   RO         3839    i.xTaskGetSchedulerState  tasks.o
    0x08005468   0x08005468   0x000000c8   Code   RO         3842    i.xTaskIncrementTick  tasks.o
    0x08005530   0x08005530   0x000000c4   Code   RO         3848    i.xTaskResumeAll    tasks.o
    0x080055f4   0x080055f4   0x00000014   Data   RO          268    .constdata          nrf24l01.o
    0x08005608   0x08005608   0x00000028   Data   RO          718    .constdata          freertos.o
    0x08005630   0x08005630   0x00000010   Data   RO         3359    .constdata          system_stm32f4xx.o
    0x08005640   0x08005640   0x00000008   Data   RO         3360    .constdata          system_stm32f4xx.o
    0x08005648   0x08005648   0x00000800   Data   RO         4601    .constdata          arm_cortexM4lf_math.lib(arm_common_tables.o)
    0x08005e48   0x08005e48   0x00008000   Data   RO         4610    .constdata          arm_cortexM4lf_math.lib(arm_common_tables.o)
    0x0800de48   0x0800de48   0x00000088   Data   RO         4683    .constdata          m_wm.l(pow.o)
    0x0800ded0   0x0800ded0   0x00000008   Data   RO         4755    .constdata          m_wm.l(qnan.o)
    0x0800ded8   0x0800ded8   0x00000014   Data   RO          719    .conststring        freertos.o
    0x0800deec   0x0800deec   0x00000020   Data   RO         4798    Region$$Table       anon$$obj.o


    Execution Region RW_IRAM1 (Exec base: 0x20000000, Load base: 0x0800df0c, Size: 0x000090f0, Max: 0x00020000, ABSOLUTE)

    Exec Addr    Load Addr    Size         Type   Attr      Idx    E Section Name        Object

    0x20000000   0x0800df0c   0x00000004   Data   RW           14    .data               freq_cap.o
    0x20000004   0x0800df10   0x0000000a   Data   RW          141    .data               max11046.o
    0x2000000e   0x0800df1a   0x0000000f   Data   RW          269    .data               nrf24l01.o
    0x2000001d   0x0800df29   0x00000003   PAD
    0x20000020   0x0800df2c   0x0000000c   Data   RW          721    .data               freertos.o
    0x2000002c   0x0800df38   0x0000000c   Data   RW         3211    .data               stm32f4xx_hal.o
    0x20000038   0x0800df44   0x00000004   Data   RW         3361    .data               system_stm32f4xx.o
    0x2000003c   0x0800df48   0x00000018   Data   RW         3400    .data               heap_4.o
    0x20000054   0x0800df60   0x0000000c   Data   RW         3472    .data               port.o
    0x20000060   0x0800df6c   0x0000003c   Data   RW         3851    .data               tasks.o
    0x2000009c   0x0800dfa8   0x00000004   Data   RW         4779    .data               mc_w.l(errno.o)
    0x200000a0        -       0x00000060   Zero   RW           13    .bss                freq_cap.o
    0x20000100        -       0x00004200   Zero   RW          140    .bss                max11046.o
    0x20004300        -       0x00000a14   Zero   RW          203    .bss                fft.o
    0x20004d14        -       0x00000060   Zero   RW          267    .bss                nrf24l01.o
    0x20004d74   0x0800dfac   0x00000004   PAD
    0x20004d78        -       0x00000174   Zero   RW          573    .bss                power_quality.o
    0x20004eec        -       0x00000020   Zero   RW          717    .bss                freertos.o
    0x20004f0c        -       0x00000078   Zero   RW          782    .bss                tim.o
    0x20004f84        -       0x00000040   Zero   RW          829    .bss                usart.o
    0x20004fc4        -       0x0000003c   Zero   RW          977    .bss                stm32f4xx_hal_timebase_tim.o
    0x20005000        -       0x00003c00   Zero   RW         3399    .bss                heap_4.o
    0x20008c00        -       0x000000f0   Zero   RW         3850    .bss                tasks.o
    0x20008cf0        -       0x00000400   Zero   RW            1    STACK               startup_stm32f446xx.o


==============================================================================

Image component sizes


      Code (inc. data)   RO Data    RW Data    ZI Data      Debug   Object Name

       102          0          0          0          0      13396   cmsis_os.o
         0          0          0          0          0       8076   event_groups.o
       380         38          0          0       2580      17420   fft.o
       620         62         60         12         32       7107   freertos.o
         0          0          0          4         96     700578   freq_cap.o
       376         32          0          0          0       1155   gpio.o
       460         24          0         24      15360       8883   heap_4.o
       136          0          0          0          0       3598   list.o
       746         46          0          0          0       4018   main.o
       750         72          0         10      16896       5957   max11046.o
      1158         58         20         15         96      27977   nrf24l01.o
       674         74          0         12          0      11132   port.o
       860        102          0          0        372       4099   power_quality.o
        36          8        452          0       1024        844   startup_stm32f446xx.o
       116         18          0         12          0       3946   stm32f4xx_hal.o
       218         14          0          0          0      31101   stm32f4xx_hal_cortex.o
       440         42          0          0          0       3107   stm32f4xx_hal_gpio.o
       132          6          0          0          0        926   stm32f4xx_hal_msp.o
       112         14          0          0          0       1304   stm32f4xx_hal_pwr_ex.o
       444         58          0          0          0       4083   stm32f4xx_hal_rcc.o
       988         34          0          0          0       2738   stm32f4xx_hal_rcc_ex.o
      1676         72          0          0          0      15634   stm32f4xx_hal_tim.o
        84          0          0          0          0       2446   stm32f4xx_hal_tim_ex.o
       116         16          0          0         60       1477   stm32f4xx_hal_timebase_tim.o
       782          8          0          0          0       2080   stm32f4xx_hal_uart.o
        52         18          0          0          0       4663   stm32f4xx_it.o
        84         18         24          4          0       1183   system_stm32f4xx.o
      1432        122          0         60        240      16219   tasks.o
       448         68          0          0        120       2519   tim.o
       152         38          0          0         64       1674   usart.o
       442         28          0          0          0       4804   w25q64.o

    ----------------------------------------------------------------------
     14048       1090        588        156      36944     914144   Object Totals
         0          0         32          0          0          0   (incl. Generated)
        32          0          0          3          4          0   (incl. Padding)

    ----------------------------------------------------------------------

      Code (inc. data)   RO Data    RW Data    ZI Data      Debug   Library Member Name

       470          0          0          0          0       2962   arm_bitreversal.o
       768          0          0          0          0      16768   arm_cfft_radix2_f32.o
       308         78          0          0          0       1307   arm_cfft_radix2_init_f32.o
       252          6          0          0          0      17504   arm_cmplx_mag_f32.o
         0          0      34816          0          0       4636   arm_common_tables.o
       164         44          0          0          0        620   dunder.o
        24          0          0          0          0        124   fabs.o
        48          0          0          0          0        124   fpclassify.o
       248          0          0          0          0        152   poly.o
      3152        296        136          0          0        352   pow.o
         0          0          8          0          0          0   qnan.o
       232          0          0          0          0        296   sqrt_full.o
         0          0          0          0          0          0   entry.o
         0          0          0          0          0          0   entry10a.o
         0          0          0          0          0          0   entry11a.o
         8          4          0          0          0          0   entry2.o
         4          0          0          0          0          0   entry5.o
         0          0          0          0          0          0   entry7b.o
         0          0          0          0          0          0   entry8b.o
         8          4          0          0          0          0   entry9a.o
        12          6          0          4          0         68   errno.o
        30          0          0          0          0          0   handlers.o
        36          8          0          0          0         68   init.o
         0          0          0          0          0          0   iusefp.o
        30          0          0          0          0         68   llshl.o
        36          0          0          0          0         68   llsshr.o
        32          0          0          0          0         68   llushr.o
        36          0          0          0          0         68   memcpya.o
        98          0          0          0          0         92   uldiv.o
        48          0          0          0          0         68   cdrcmple.o
        56          0          0          0          0         88   d2f.o
       334          0          0          0          0        148   dadd.o
       222          0          0          0          0        100   ddiv.o
       186          0          0          0          0        176   depilogue.o
        34          0          0          0          0         76   dflti.o
        26          0          0          0          0         76   dfltui.o
       228          0          0          0          0         96   dmul.o
        46          0          0          0          0         80   dscalb.o
       162          0          0          0          0        100   dsqrt.o
        38          0          0          0          0         68   f2d.o
       110          0          0          0          0        168   fepilogue.o

    ----------------------------------------------------------------------
      7504        446      34960          4          0      46589   Library Totals
        18          0          0          0          0          0   (incl. Padding)

    ----------------------------------------------------------------------

      Code (inc. data)   RO Data    RW Data    ZI Data      Debug   Library Name

      1798         84      34816          0          0      43177   arm_cortexM4lf_math.lib
      3868        340        144          0          0       1668   m_wm.l
       330         22          0          4          0        500   mc_w.l
      1490          0          0          0          0       1244   mf_w.l

    ----------------------------------------------------------------------
      7504        446      34960          4          0      46589   Library Totals

    ----------------------------------------------------------------------

==============================================================================


      Code (inc. data)   RO Data    RW Data    ZI Data      Debug   

     21552       1536      35548        160      36944     945205   Grand Totals
     21552       1536      35548        160      36944     945205   ELF Image Totals
     21552       1536      35548        160          0          0   ROM Totals

==============================================================================

    Total RO  Size (Code + RO Data)                57100 (  55.76kB)
    Total RW  Size (RW Data + ZI Data)             37104 (  36.23kB)
    Total ROM Size (Code + RO Data + RW Data)      57260 (  55.92kB)

==============================================================================

